<html>
<body>
<pre>
<h1>µVision Build Log</h1>
<h2>Tool Versions:</h2>
IDE-Version: ¦ÌVision V5.40.0.0
Copyright (C) 2024 ARM Ltd and ARM Germany GmbH. All rights reserved.
License Information: 1 2302109068@qq.com, 1, LIC=GMZI6-DD7J3-63BMB-2IJHB-EEBBP-X7HZV
 
Tool Versions:
Toolchain:       MDK-ARM Plus  Version: 5.40.0.3
Toolchain Path:  D:\Keil_v5\ARM\ARMCC\Bin
C Compiler:      Armcc.exe V5.06 update 1 (build 61)
Assembler:       Armasm.exe V5.06 update 1 (build 61)
Linker/Locator:  ArmLink.exe V5.06 update 1 (build 61)
Library Manager: ArmAr.exe V5.06 update 1 (build 61)
Hex Converter:   FromElf.exe V5.06 update 1 (build 61)
CPU DLL:         SARMCM3.DLL V5.40.0.3
Dialog DLL:       DARMSTM.DLL
Target DLL:      CMSIS_AGDI.dll V1.33.18.0
Dialog DLL:      TARMSTM.DLL V1.67.1.0
 
<h2>Project:</h2>
C:\Users\23021\Desktop\My_Work\Github\ROBOCON2024-3508DOG\2.software\MCU\Robocon_F427\MTI.uvprojx
Project File Date:  03/21/2025

<h2>Output:</h2>
*** Using Compiler 'V5.06 update 1 (build 61)', folder: 'D:\Keil_v5\ARM\ARMCC\Bin'
Rebuild target 'Robocon_KIZUNA'
compiling system_stm32f4xx.c...
compiling nvic.c...
compiling main.c...
compiling gpio.c...
compiling can.c...
compiling timer.c...
compiling uart.c...
compiling dma.c...
compiling imu_data_decode.c...
compiling packet.c...
compiling stm32f4xx_it.c...
compiling hi219m.c...
compiling remote.c...
compiling pid.c...
compiling M3508.c...
compiling user_task.c...
compiling BASE_POINT.c...
compiling cal_status.c...
compiling Make_keep_high.c...
compiling Make_The_Blance.c...
compiling PID_states.c...
compiling sys.c...
compiling remoto_control.c...
compiling delay.c...
compiling misc.c...
compiling stm32f4xx_can.c...
compiling stm32f4xx_dma.c...
compiling stm32f4xx_gpio.c...
compiling stm32f4xx_flash.c...
compiling stm32f4xx_iwdg.c...
compiling stm32f4xx_rcc.c...
assembling startup_stm32f427xx.s...
compiling stm32f4xx_syscfg.c...
compiling stm32f4xx_usart.c...
compiling stm32f4xx_tim.c...
compiling croutine.c...
compiling list.c...
compiling event_groups.c...
compiling queue.c...
compiling port.c...
compiling tasks.c...
compiling timers.c...
compiling heap_4.c...
linking...
Program Size: Code=32600 RO-data=460 RW-data=4872 ZI-data=23336  
FromELF: creating hex file...
".\Objects\MTI.axf" - 0 Error(s), 0 Warning(s).

<h2>Software Packages used:</h2>

Package Vendor: Keil
                http://www.keil.com/pack/Keil.STM32F4xx_DFP.2.15.0.pack
                Keil::STM32F4xx_DFP@2.15.0
                STMicroelectronics STM32F4 Series Device Support, Drivers and Examples

<h2>Collection of Component include folders:</h2>
  D:/Keil_v5/ARM/Pack/Keil/STM32F4xx_DFP/2.15.0/Drivers/CMSIS/Device/ST/STM32F4xx/Include

<h2>Collection of Component Files used:</h2>
Build Time Elapsed:  00:00:09
</pre>
</body>
</html>
