Component: ARM Compiler 5.06 update 1 (build 61) Tool: armlink [4d35a8]

==============================================================================

Section Cross References

    main.o(i.BSP_Init) refers to gpio.o(i.BSP_GPIO_Init) for BSP_GPIO_Init
    main.o(i.BSP_Init) refers to nvic.o(i.BSP_NVIC_Init) for BSP_NVIC_Init
    main.o(i.BSP_Init) refers to can.o(i.BSP_CAN_Init) for BSP_CAN_Init
    main.o(i.BSP_Init) refers to timer.o(i.BSP_TIM_Init) for BSP_TIM_Init
    main.o(i.BSP_Init) refers to uart.o(i.BSP_USART_Init) for BSP_USART_Init
    main.o(i.BSP_Init) refers to dma.o(i.BSP_DMA_Init) for BSP_DMA_Init
    main.o(i.Hardware_Init) refers to hi219m.o(i.Hi219m_ParaInit) for Hi219m_ParaInit
    main.o(i.Task_Init) refers to queue.o(i.xQueueGenericCreate) for xQueueGenericCreate
    main.o(i.Task_Init) refers to tasks.o(i.xTaskCreate) for xTaskCreate
    main.o(i.Task_Init) refers to user_task.o(.data) for P_shH219DataDecode_Binary
    main.o(i.Task_Init) refers to user_task.o(i.Task_Main) for Task_Main
    main.o(i.Task_Init) refers to user_task.o(i.key_contask) for key_contask
    main.o(i.Task_Init) refers to user_task.o(i.Task_DataGet) for Task_DataGet
    main.o(i.Task_Init) refers to user_task.o(i.Task_Hi219mDataDecode) for Task_Hi219mDataDecode
    main.o(i.Task_Init) refers to user_task.o(i.Task_TimeCount) for Task_TimeCount
    main.o(i.main) refers to main.o(i.BSP_Init) for BSP_Init
    main.o(i.main) refers to main.o(i.Hardware_Init) for Hardware_Init
    main.o(i.main) refers to main.o(i.Task_Init) for Task_Init
    main.o(i.main) refers to tasks.o(i.vTaskStartScheduler) for vTaskStartScheduler
    system_stm32f4xx.o(i.SystemCoreClockUpdate) refers to system_stm32f4xx.o(.data) for SystemCoreClock
    system_stm32f4xx.o(i.SystemInit) refers to system_stm32f4xx.o(i.SetSysClock) for SetSysClock
    gpio.o(i.BSP_GPIO_Init) refers to stm32f4xx_rcc.o(i.RCC_AHB1PeriphClockCmd) for RCC_AHB1PeriphClockCmd
    gpio.o(i.BSP_GPIO_Init) refers to stm32f4xx_gpio.o(i.GPIO_PinAFConfig) for GPIO_PinAFConfig
    gpio.o(i.BSP_GPIO_Init) refers to stm32f4xx_gpio.o(i.GPIO_Init) for GPIO_Init
    nvic.o(i.BSP_NVIC_Init) refers to misc.o(i.NVIC_PriorityGroupConfig) for NVIC_PriorityGroupConfig
    nvic.o(i.BSP_NVIC_Init) refers to misc.o(i.NVIC_Init) for NVIC_Init
    can.o(i.BSP_CAN_Init) refers to stm32f4xx_rcc.o(i.RCC_APB1PeriphClockCmd) for RCC_APB1PeriphClockCmd
    can.o(i.BSP_CAN_Init) refers to stm32f4xx_can.o(i.CAN_DeInit) for CAN_DeInit
    can.o(i.BSP_CAN_Init) refers to stm32f4xx_can.o(i.CAN_StructInit) for CAN_StructInit
    can.o(i.BSP_CAN_Init) refers to stm32f4xx_can.o(i.CAN_Init) for CAN_Init
    can.o(i.BSP_CAN_Init) refers to stm32f4xx_can.o(i.CAN_FilterInit) for CAN_FilterInit
    can.o(i.BSP_CAN_Init) refers to stm32f4xx_can.o(i.CAN_ITConfig) for CAN_ITConfig
    timer.o(i.BSP_TIM_Init) refers to stm32f4xx_rcc.o(i.RCC_APB1PeriphClockCmd) for RCC_APB1PeriphClockCmd
    timer.o(i.BSP_TIM_Init) refers to stm32f4xx_rcc.o(i.RCC_APB2PeriphClockCmd) for RCC_APB2PeriphClockCmd
    timer.o(i.BSP_TIM_Init) refers to stm32f4xx_tim.o(i.TIM_TimeBaseInit) for TIM_TimeBaseInit
    timer.o(i.BSP_TIM_Init) refers to stm32f4xx_tim.o(i.TIM_OC1Init) for TIM_OC1Init
    timer.o(i.BSP_TIM_Init) refers to stm32f4xx_tim.o(i.TIM_OC1PreloadConfig) for TIM_OC1PreloadConfig
    timer.o(i.BSP_TIM_Init) refers to stm32f4xx_tim.o(i.TIM_OC2Init) for TIM_OC2Init
    timer.o(i.BSP_TIM_Init) refers to stm32f4xx_tim.o(i.TIM_OC2PreloadConfig) for TIM_OC2PreloadConfig
    timer.o(i.BSP_TIM_Init) refers to stm32f4xx_tim.o(i.TIM_OC3Init) for TIM_OC3Init
    timer.o(i.BSP_TIM_Init) refers to stm32f4xx_tim.o(i.TIM_OC3PreloadConfig) for TIM_OC3PreloadConfig
    timer.o(i.BSP_TIM_Init) refers to stm32f4xx_tim.o(i.TIM_OC4Init) for TIM_OC4Init
    timer.o(i.BSP_TIM_Init) refers to stm32f4xx_tim.o(i.TIM_OC4PreloadConfig) for TIM_OC4PreloadConfig
    timer.o(i.BSP_TIM_Init) refers to stm32f4xx_tim.o(i.TIM_ARRPreloadConfig) for TIM_ARRPreloadConfig
    timer.o(i.BSP_TIM_Init) refers to stm32f4xx_tim.o(i.TIM_Cmd) for TIM_Cmd
    timer.o(i.BSP_TIM_Init) refers to stm32f4xx_tim.o(i.TIM_CtrlPWMOutputs) for TIM_CtrlPWMOutputs
    uart.o(.rev16_text) refers (Special) to use_no_semi_2.o(.text) for __use_no_semihosting
    uart.o(.revsh_text) refers (Special) to use_no_semi_2.o(.text) for __use_no_semihosting
    uart.o(i.BSP_USART_Init) refers (Special) to use_no_semi_2.o(.text) for __use_no_semihosting
    uart.o(i.BSP_USART_Init) refers to stm32f4xx_rcc.o(i.RCC_APB1PeriphClockCmd) for RCC_APB1PeriphClockCmd
    uart.o(i.BSP_USART_Init) refers to stm32f4xx_rcc.o(i.RCC_APB2PeriphClockCmd) for RCC_APB2PeriphClockCmd
    uart.o(i.BSP_USART_Init) refers to stm32f4xx_usart.o(i.USART_DeInit) for USART_DeInit
    uart.o(i.BSP_USART_Init) refers to stm32f4xx_usart.o(i.USART_StructInit) for USART_StructInit
    uart.o(i.BSP_USART_Init) refers to stm32f4xx_usart.o(i.USART_Init) for USART_Init
[...]
    __rt_lib_init_fp_1                       0x0800027b   Thumb Code     0  libinit2.o(.ARM.Collect$$libinit$$00000001)
    __rt_lib_init_alloca_1                   0x0800027f   Thumb Code     0  libinit2.o(.ARM.Collect$$libinit$$0000002E)
    __rt_lib_init_argv_1                     0x0800027f   Thumb Code     0  libinit2.o(.ARM.Collect$$libinit$$0000002C)
    __rt_lib_init_atexit_1                   0x0800027f   Thumb Code     0  libinit2.o(.ARM.Collect$$libinit$$0000001B)
    __rt_lib_init_clock_1                    0x0800027f   Thumb Code     0  libinit2.o(.ARM.Collect$$libinit$$00000021)
    __rt_lib_init_cpp_1                      0x0800027f   Thumb Code     0  libinit2.o(.ARM.Collect$$libinit$$00000032)
    __rt_lib_init_exceptions_1               0x0800027f   Thumb Code     0  libinit2.o(.ARM.Collect$$libinit$$00000030)
    __rt_lib_init_fp_trap_1                  0x0800027f   Thumb Code     0  libinit2.o(.ARM.Collect$$libinit$$0000001F)
    __rt_lib_init_getenv_1                   0x0800027f   Thumb Code     0  libinit2.o(.ARM.Collect$$libinit$$00000023)
    __rt_lib_init_heap_1                     0x0800027f   Thumb Code     0  libinit2.o(.ARM.Collect$$libinit$$0000000A)
    __rt_lib_init_lc_collate_1               0x0800027f   Thumb Code     0  libinit2.o(.ARM.Collect$$libinit$$00000011)
    __rt_lib_init_lc_ctype_1                 0x0800027f   Thumb Code     0  libinit2.o(.ARM.Collect$$libinit$$00000013)
    __rt_lib_init_lc_monetary_1              0x0800027f   Thumb Code     0  libinit2.o(.ARM.Collect$$libinit$$00000015)
    __rt_lib_init_lc_numeric_1               0x0800027f   Thumb Code     0  libinit2.o(.ARM.Collect$$libinit$$00000017)
    __rt_lib_init_lc_time_1                  0x0800027f   Thumb Code     0  libinit2.o(.ARM.Collect$$libinit$$00000019)
    __rt_lib_init_preinit_1                  0x0800027f   Thumb Code     0  libinit2.o(.ARM.Collect$$libinit$$00000004)
    __rt_lib_init_rand_1                     0x0800027f   Thumb Code     0  libinit2.o(.ARM.Collect$$libinit$$0000000E)
    __rt_lib_init_return                     0x0800027f   Thumb Code     0  libinit2.o(.ARM.Collect$$libinit$$00000033)
    __rt_lib_init_signal_1                   0x0800027f   Thumb Code     0  libinit2.o(.ARM.Collect$$libinit$$0000001D)
    __rt_lib_init_stdio_1                    0x0800027f   Thumb Code     0  libinit2.o(.ARM.Collect$$libinit$$00000025)
    __rt_lib_init_user_alloc_1               0x0800027f   Thumb Code     0  libinit2.o(.ARM.Collect$$libinit$$0000000C)
    __rt_lib_shutdown                        0x08000281   Thumb Code     0  libshutdown.o(.ARM.Collect$$libshutdown$$00000000)
    __rt_lib_shutdown_cpp_1                  0x08000283   Thumb Code     0  libshutdown2.o(.ARM.Collect$$libshutdown$$00000002)
    __rt_lib_shutdown_fp_trap_1              0x08000283   Thumb Code     0  libshutdown2.o(.ARM.Collect$$libshutdown$$00000007)
    __rt_lib_shutdown_heap_1                 0x08000283   Thumb Code     0  libshutdown2.o(.ARM.Collect$$libshutdown$$0000000F)
    __rt_lib_shutdown_return                 0x08000283   Thumb Code     0  libshutdown2.o(.ARM.Collect$$libshutdown$$00000010)
    __rt_lib_shutdown_signal_1               0x08000283   Thumb Code     0  libshutdown2.o(.ARM.Collect$$libshutdown$$0000000A)
    __rt_lib_shutdown_stdio_1                0x08000283   Thumb Code     0  libshutdown2.o(.ARM.Collect$$libshutdown$$00000004)
    __rt_lib_shutdown_user_alloc_1           0x08000283   Thumb Code     0  libshutdown2.o(.ARM.Collect$$libshutdown$$0000000C)
    __rt_entry                               0x08000285   Thumb Code     0  __rtentry.o(.ARM.Collect$$rtentry$$00000000)
    __rt_entry_presh_1                       0x08000285   Thumb Code     0  __rtentry2.o(.ARM.Collect$$rtentry$$00000002)
    __rt_entry_sh                            0x08000285   Thumb Code     0  __rtentry4.o(.ARM.Collect$$rtentry$$00000004)
    __rt_entry_li                            0x0800028b   Thumb Code     0  __rtentry2.o(.ARM.Collect$$rtentry$$0000000A)
    __rt_entry_postsh_1                      0x0800028b   Thumb Code     0  __rtentry2.o(.ARM.Collect$$rtentry$$00000009)
    __rt_entry_main                          0x0800028f   Thumb Code     0  __rtentry2.o(.ARM.Collect$$rtentry$$0000000D)
    __rt_entry_postli_1                      0x0800028f   Thumb Code     0  __rtentry2.o(.ARM.Collect$$rtentry$$0000000C)
    __rt_exit                                0x08000297   Thumb Code     0  rtexit.o(.ARM.Collect$$rtexit$$00000000)
    __rt_exit_ls                             0x08000299   Thumb Code     0  rtexit2.o(.ARM.Collect$$rtexit$$00000003)
    __rt_exit_prels_1                        0x08000299   Thumb Code     0  rtexit2.o(.ARM.Collect$$rtexit$$00000002)
    __rt_exit_exit                           0x0800029d   Thumb Code     0  rtexit2.o(.ARM.Collect$$rtexit$$00000004)
    SVC_Handler                              0x080002a5   Thumb Code    28  port.o(.emb_text)
    __asm___6_port_c_39a90d8d__prvStartFirstTask 0x080002c5   Thumb Code    28  port.o(.emb_text)
    __asm___6_port_c_39a90d8d__prvEnableVFP  0x080002e5   Thumb Code    16  port.o(.emb_text)
    PendSV_Handler                           0x080002f9   Thumb Code    88  port.o(.emb_text)
    vPortGetIPSR                             0x08000355   Thumb Code     6  port.o(.emb_text)
    Reset_Handler                            0x0800035d   Thumb Code    18  startup_stm32f427xx.o(.text)
    NMI_Handler                              0x0800036f   Thumb Code     2  startup_stm32f427xx.o(.text)
    HardFault_Handler                        0x08000371   Thumb Code     2  startup_stm32f427xx.o(.text)
    MemManage_Handler                        0x08000373   Thumb Code     2  startup_stm32f427xx.o(.text)
    BusFault_Handler                         0x08000375   Thumb Code     2  startup_stm32f427xx.o(.text)
    UsageFault_Handler                       0x08000377   Thumb Code     2  startup_stm32f427xx.o(.text)
    DebugMon_Handler                         0x0800037b   Thumb Code     2  startup_stm32f427xx.o(.text)
    ADC_IRQHandler                           0x08000381   Thumb Code     0  startup_stm32f427xx.o(.text)
    CAN1_RX1_IRQHandler                      0x08000381   Thumb Code     0  startup_stm32f427xx.o(.text)
    CAN1_SCE_IRQHandler                      0x08000381   Thumb Code     0  startup_stm32f427xx.o(.text)
    CAN2_RX1_IRQHandler                      0x08000381   Thumb Code     0  startup_stm32f427xx.o(.text)
    CAN2_SCE_IRQHandler                      0x08000381   Thumb Code     0  startup_stm32f427xx.o(.text)
    DCMI_IRQHandler                          0x08000381   Thumb Code     0  startup_stm32f427xx.o(.text)
    DMA1_Stream0_IRQHandler                  0x08000381   Thumb Code     0  startup_stm32f427xx.o(.text)
    DMA1_Stream1_IRQHandler                  0x08000381   Thumb Code     0  startup_stm32f427xx.o(.text)
    DMA1_Stream2_IRQHandler                  0x08000381   Thumb Code     0  startup_stm32f427xx.o(.text)
    DMA1_Stream3_IRQHandler                  0x08000381   Thumb Code     0  startup_stm32f427xx.o(.text)
    DMA1_Stream4_IRQHandler                  0x08000381   Thumb Code     0  startup_stm32f427xx.o(.text)
    DMA1_Stream5_IRQHandler                  0x08000381   Thumb Code     0  startup_stm32f427xx.o(.text)
    DMA1_Stream6_IRQHandler                  0x08000381   Thumb Code     0  startup_stm32f427xx.o(.text)
    DMA1_Stream7_IRQHandler                  0x08000381   Thumb Code     0  startup_stm32f427xx.o(.text)
    DMA2D_IRQHandler                         0x08000381   Thumb Code     0  startup_stm32f427xx.o(.text)
    DMA2_Stream0_IRQHandler                  0x08000381   Thumb Code     0  startup_stm32f427xx.o(.text)
    DMA2_Stream1_IRQHandler                  0x08000381   Thumb Code     0  startup_stm32f427xx.o(.text)
    DMA2_Stream2_IRQHandler                  0x08000381   Thumb Code     0  startup_stm32f427xx.o(.text)
    DMA2_Stream3_IRQHandler                  0x08000381   Thumb Code     0  startup_stm32f427xx.o(.text)
    DMA2_Stream4_IRQHandler                  0x08000381   Thumb Code     0  startup_stm32f427xx.o(.text)
    DMA2_Stream5_IRQHandler                  0x08000381   Thumb Code     0  startup_stm32f427xx.o(.text)
    DMA2_Stream6_IRQHandler                  0x08000381   Thumb Code     0  startup_stm32f427xx.o(.text)
    DMA2_Stream7_IRQHandler                  0x08000381   Thumb Code     0  startup_stm32f427xx.o(.text)
    ETH_IRQHandler                           0x08000381   Thumb Code     0  startup_stm32f427xx.o(.text)
    ETH_WKUP_IRQHandler                      0x08000381   Thumb Code     0  startup_stm32f427xx.o(.text)
    EXTI0_IRQHandler                         0x08000381   Thumb Code     0  startup_stm32f427xx.o(.text)
    EXTI15_10_IRQHandler                     0x08000381   Thumb Code     0  startup_stm32f427xx.o(.text)
    EXTI1_IRQHandler                         0x08000381   Thumb Code     0  startup_stm32f427xx.o(.text)
    EXTI2_IRQHandler                         0x08000381   Thumb Code     0  startup_stm32f427xx.o(.text)
    EXTI3_IRQHandler                         0x08000381   Thumb Code     0  startup_stm32f427xx.o(.text)
    EXTI4_IRQHandler                         0x08000381   Thumb Code     0  startup_stm32f427xx.o(.text)
    EXTI9_5_IRQHandler                       0x08000381   Thumb Code     0  startup_stm32f427xx.o(.text)
    FLASH_IRQHandler                         0x08000381   Thumb Code     0  startup_stm32f427xx.o(.text)
    FMC_IRQHandler                           0x08000381   Thumb Code     0  startup_stm32f427xx.o(.text)
    FPU_IRQHandler                           0x08000381   Thumb Code     0  startup_stm32f427xx.o(.text)
    HASH_RNG_IRQHandler                      0x08000381   Thumb Code     0  startup_stm32f427xx.o(.text)
    I2C1_ER_IRQHandler                       0x08000381   Thumb Code     0  startup_stm32f427xx.o(.text)
    I2C1_EV_IRQHandler                       0x08000381   Thumb Code     0  startup_stm32f427xx.o(.text)
    I2C2_ER_IRQHandler                       0x08000381   Thumb Code     0  startup_stm32f427xx.o(.text)
    I2C2_EV_IRQHandler                       0x08000381   Thumb Code     0  startup_stm32f427xx.o(.text)
    I2C3_ER_IRQHandler                       0x08000381   Thumb Code     0  startup_stm32f427xx.o(.text)
    I2C3_EV_IRQHandler                       0x08000381   Thumb Code     0  startup_stm32f427xx.o(.text)
    OTG_FS_IRQHandler                        0x08000381   Thumb Code     0  startup_stm32f427xx.o(.text)
    OTG_FS_WKUP_IRQHandler                   0x08000381   Thumb Code     0  startup_stm32f427xx.o(.text)
    OTG_HS_EP1_IN_IRQHandler                 0x08000381   Thumb Code     0  startup_stm32f427xx.o(.text)
    OTG_HS_EP1_OUT_IRQHandler                0x08000381   Thumb Code     0  startup_stm32f427xx.o(.text)
    OTG_HS_IRQHandler                        0x08000381   Thumb Code     0  startup_stm32f427xx.o(.text)
    OTG_HS_WKUP_IRQHandler                   0x08000381   Thumb Code     0  startup_stm32f427xx.o(.text)
    PVD_IRQHandler                           0x08000381   Thumb Code     0  startup_stm32f427xx.o(.text)
    RCC_IRQHandler                           0x08000381   Thumb Code     0  startup_stm32f427xx.o(.text)
    RTC_Alarm_IRQHandler                     0x08000381   Thumb Code     0  startup_stm32f427xx.o(.text)
    RTC_WKUP_IRQHandler                      0x08000381   Thumb Code     0  startup_stm32f427xx.o(.text)
    SAI1_IRQHandler                          0x08000381   Thumb Code     0  startup_stm32f427xx.o(.text)
    SDIO_IRQHandler                          0x08000381   Thumb Code     0  startup_stm32f427xx.o(.text)
    SPI1_IRQHandler                          0x08000381   Thumb Code     0  startup_stm32f427xx.o(.text)
    SPI2_IRQHandler                          0x08000381   Thumb Code     0  startup_stm32f427xx.o(.text)
    SPI3_IRQHandler                          0x08000381   Thumb Code     0  startup_stm32f427xx.o(.text)
    SPI4_IRQHandler                          0x08000381   Thumb Code     0  startup_stm32f427xx.o(.text)
    SPI5_IRQHandler                          0x08000381   Thumb Code     0  startup_stm32f427xx.o(.text)
    SPI6_IRQHandler                          0x08000381   Thumb Code     0  startup_stm32f427xx.o(.text)
    TAMP_STAMP_IRQHandler                    0x08000381   Thumb Code     0  startup_stm32f427xx.o(.text)
    TIM1_BRK_TIM9_IRQHandler                 0x08000381   Thumb Code     0  startup_stm32f427xx.o(.text)
    TIM1_CC_IRQHandler                       0x08000381   Thumb Code     0  startup_stm32f427xx.o(.text)
    TIM1_TRG_COM_TIM11_IRQHandler            0x08000381   Thumb Code     0  startup_stm32f427xx.o(.text)
    TIM1_UP_TIM10_IRQHandler                 0x08000381   Thumb Code     0  startup_stm32f427xx.o(.text)
    TIM2_IRQHandler                          0x08000381   Thumb Code     0  startup_stm32f427xx.o(.text)
    TIM3_IRQHandler                          0x08000381   Thumb Code     0  startup_stm32f427xx.o(.text)
    TIM4_IRQHandler                          0x08000381   Thumb Code     0  startup_stm32f427xx.o(.text)
    TIM5_IRQHandler                          0x08000381   Thumb Code     0  startup_stm32f427xx.o(.text)
    TIM6_DAC_IRQHandler                      0x08000381   Thumb Code     0  startup_stm32f427xx.o(.text)
    TIM7_IRQHandler                          0x08000381   Thumb Code     0  startup_stm32f427xx.o(.text)
    TIM8_BRK_TIM12_IRQHandler                0x08000381   Thumb Code     0  startup_stm32f427xx.o(.text)
    TIM8_CC_IRQHandler                       0x08000381   Thumb Code     0  startup_stm32f427xx.o(.text)
    TIM8_TRG_COM_TIM14_IRQHandler            0x08000381   Thumb Code     0  startup_stm32f427xx.o(.text)
    TIM8_UP_TIM13_IRQHandler                 0x08000381   Thumb Code     0  startup_stm32f427xx.o(.text)
    UART4_IRQHandler                         0x08000381   Thumb Code     0  startup_stm32f427xx.o(.text)
    UART5_IRQHandler                         0x08000381   Thumb Code     0  startup_stm32f427xx.o(.text)
    UART7_IRQHandler                         0x08000381   Thumb Code     0  startup_stm32f427xx.o(.text)
    USART2_IRQHandler                        0x08000381   Thumb Code     0  startup_stm32f427xx.o(.text)
    USART3_IRQHandler                        0x08000381   Thumb Code     0  startup_stm32f427xx.o(.text)
    WWDG_IRQHandler                          0x08000381   Thumb Code     0  startup_stm32f427xx.o(.text)
    __user_initial_stackheap                 0x08000385   Thumb Code     0  startup_stm32f427xx.o(.text)
    __use_no_semihosting                     0x080003a9   Thumb Code     2  use_no_semi_2.o(.text)
    __2printf                                0x080003ad   Thumb Code    20  noretval__2printf.o(.text)
    __printf                                 0x080003c5   Thumb Code   104  __printf.o(.text)
    _printf_str                              0x0800042d   Thumb Code    82  _printf_str.o(.text)
    _printf_int_dec                          0x08000481   Thumb Code   104  _printf_dec.o(.text)
    __aeabi_memcpy                           0x080004f9   Thumb Code     0  rt_memcpy_v6.o(.text)
    __rt_memcpy                              0x080004f9   Thumb Code   138  rt_memcpy_v6.o(.text)
    _memcpy_lastbytes                        0x0800055f   Thumb Code     0  rt_memcpy_v6.o(.text)
    __aeabi_memset                           0x08000583   Thumb Code    16  aeabi_memset.o(.text)
    __aeabi_memclr4                          0x08000593   Thumb Code     0  rt_memclr_w.o(.text)
    __aeabi_memclr8                          0x08000593   Thumb Code     0  rt_memclr_w.o(.text)
    __rt_memclr_w                            0x08000593   Thumb Code    78  rt_memclr_w.o(.text)
    _memset_w                                0x08000597   Thumb Code     0  rt_memclr_w.o(.text)
    __use_two_region_memory                  0x080005e1   Thumb Code     2  heapauxi.o(.text)
    __rt_heap_escrow$2region                 0x080005e3   Thumb Code     2  heapauxi.o(.text)
    __rt_heap_expand$2region                 0x080005e5   Thumb Code     2  heapauxi.o(.text)
    __I$use$semihosting                      0x080005e7   Thumb Code     0  use_no_semi.o(.text)
    __use_no_semihosting_swi                 0x080005e7   Thumb Code     2  use_no_semi.o(.text)
    _printf_int_common                       0x080005e9   Thumb Code   178  _printf_intcommon.o(.text)
    _printf_char_common                      0x080006a7   Thumb Code    32  _printf_char_common.o(.text)
    _printf_cs_common                        0x080006cd   Thumb Code    20  _printf_char.o(.text)
    _printf_char                             0x080006e1   Thumb Code    16  _printf_char.o(.text)
    _printf_string                           0x080006f1   Thumb Code     8  _printf_char.o(.text)
    _printf_char_file                        0x080006f9   Thumb Code    32  _printf_char_file.o(.text)
    __aeabi_memcpy4                          0x0800071d   Thumb Code     0  rt_memcpy_w.o(.text)
    __aeabi_memcpy8                          0x0800071d   Thumb Code     0  rt_memcpy_w.o(.text)
    __rt_memcpy_w                            0x0800071d   Thumb Code   100  rt_memcpy_w.o(.text)
    _memcpy_lastbytes_aligned                0x08000765   Thumb Code     0  rt_memcpy_w.o(.text)
    __aeabi_memclr                           0x08000781   Thumb Code     0  rt_memclr.o(.text)
    __rt_memclr                              0x08000781   Thumb Code    68  rt_memclr.o(.text)
    _memset                                  0x08000785   Thumb Code     0  rt_memclr.o(.text)
    ferror                                   0x080007c5   Thumb Code     8  ferror.o(.text)
    __user_setup_stackheap                   0x080007cd   Thumb Code    74  sys_stackheap_outer.o(.text)
    exit                                     0x08000817   Thumb Code    18  exit.o(.text)
    __user_libspace                          0x08000829   Thumb Code     8  libspace.o(.text)
    __user_perproc_libspace                  0x08000829   Thumb Code     0  libspace.o(.text)
    __user_perthread_libspace                0x08000829   Thumb Code     0  libspace.o(.text)
    BSP_CAN_Init                             0x08000831   Thumb Code   310  can.o(i.BSP_CAN_Init)
    BSP_DMA_Init                             0x08000971   Thumb Code   200  dma.o(i.BSP_DMA_Init)
    BSP_GPIO_Init                            0x08000a51   Thumb Code   554  gpio.o(i.BSP_GPIO_Init)
    BSP_Init                                 0x08000c95   Thumb Code    28  main.o(i.BSP_Init)
    BSP_NVIC_Init                            0x08000cb1   Thumb Code   216  nvic.o(i.BSP_NVIC_Init)
    BSP_TIM_Init                             0x08000d89   Thumb Code   580  timer.o(i.BSP_TIM_Init)
    BSP_USART_Init                           0x08000fd9   Thumb Code   252  uart.o(i.BSP_USART_Init)
    CAN1_RX0_IRQHandler                      0x080010e5   Thumb Code    48  stm32f4xx_it.o(i.CAN1_RX0_IRQHandler)
    CAN1_TX_IRQHandler                       0x08001121   Thumb Code    22  stm32f4xx_it.o(i.CAN1_TX_IRQHandler)
    CAN2_RX0_IRQHandler                      0x0800113d   Thumb Code    48  stm32f4xx_it.o(i.CAN2_RX0_IRQHandler)
    CAN2_TX_IRQHandler                       0x08001179   Thumb Code    22  stm32f4xx_it.o(i.CAN2_TX_IRQHandler)
    CAN_ClearFlag                            0x08001195   Thumb Code    52  stm32f4xx_can.o(i.CAN_ClearFlag)
    CAN_ClearITPendingBit                    0x080011cd   Thumb Code   162  stm32f4xx_can.o(i.CAN_ClearITPendingBit)
    CAN_DeInit                               0x08001275   Thumb Code    50  stm32f4xx_can.o(i.CAN_DeInit)
    CAN_FilterInit                           0x080012ad   Thumb Code   258  stm32f4xx_can.o(i.CAN_FilterInit)
    CAN_GetITStatus                          0x080013b5   Thumb Code   284  stm32f4xx_can.o(i.CAN_GetITStatus)
    CAN_ITConfig                             0x080014d5   Thumb Code    18  stm32f4xx_can.o(i.CAN_ITConfig)
    CAN_Init                                 0x080014e7   Thumb Code   276  stm32f4xx_can.o(i.CAN_Init)
    CAN_Receive                              0x080015fb   Thumb Code   240  stm32f4xx_can.o(i.CAN_Receive)
    CAN_StructInit                           0x080016eb   Thumb Code    32  stm32f4xx_can.o(i.CAN_StructInit)
    CAN_Transmit                             0x0800170b   Thumb Code   294  stm32f4xx_can.o(i.CAN_Transmit)
    CAN_TransmitStatus                       0x08001831   Thumb Code   138  stm32f4xx_can.o(i.CAN_TransmitStatus)
    Control_SetCurrentVal                    0x080018e5   Thumb Code   354  m3508.o(i.Control_SetCurrentVal)
    DMA_ClearFlag                            0x08001a5d   Thumb Code    38  stm32f4xx_dma.o(i.DMA_ClearFlag)
    DMA_Cmd                                  0x08001a91   Thumb Code    22  stm32f4xx_dma.o(i.DMA_Cmd)
    DMA_DeInit                               0x08001aa9   Thumb Code   324  stm32f4xx_dma.o(i.DMA_DeInit)
    DMA_DoubleBufferModeCmd                  0x08001c01   Thumb Code    22  stm32f4xx_dma.o(i.DMA_DoubleBufferModeCmd)
    DMA_DoubleBufferModeConfig               0x08001c17   Thumb Code    24  stm32f4xx_dma.o(i.DMA_DoubleBufferModeConfig)
    DMA_GetCmdStatus                         0x08001c2f   Thumb Code    20  stm32f4xx_dma.o(i.DMA_GetCmdStatus)
    DMA_GetCurrDataCounter                   0x08001c43   Thumb Code     8  stm32f4xx_dma.o(i.DMA_GetCurrDataCounter)
    DMA_GetCurrentMemoryTarget               0x08001c4b   Thumb Code    20  stm32f4xx_dma.o(i.DMA_GetCurrentMemoryTarget)
    DMA_Init                                 0x08001c61   Thumb Code    82  stm32f4xx_dma.o(i.DMA_Init)
    DMA_SetCurrDataCounter                   0x08001cb9   Thumb Code     4  stm32f4xx_dma.o(i.DMA_SetCurrDataCounter)
    DMA_StructInit                           0x08001cbd   Thumb Code    34  stm32f4xx_dma.o(i.DMA_StructInit)
    DOG_kara                                 0x08001ce1   Thumb Code    84  base_point.o(i.DOG_kara)
    GPIO_Init                                0x08001d3d   Thumb Code   144  stm32f4xx_gpio.o(i.GPIO_Init)
    GPIO_PinAFConfig                         0x08001dcd   Thumb Code    70  stm32f4xx_gpio.o(i.GPIO_PinAFConfig)
    GPIO_ReadInputDataBit                    0x08001e13   Thumb Code    18  stm32f4xx_gpio.o(i.GPIO_ReadInputDataBit)
    Hardware_Init                            0x08001e25   Thumb Code     8  main.o(i.Hardware_Init)
    Hi219m_ParaInit                          0x08001e2d   Thumb Code     8  hi219m.o(i.Hi219m_ParaInit)
    Key_Jump_Flag_Get                        0x08001e35   Thumb Code   252  remote.o(i.Key_Jump_Flag_Get)
    M3508_ParaInit                           0x08001f3d   Thumb Code   984  m3508.o(i.M3508_ParaInit)
    NVIC_Init                                0x08002335   Thumb Code   106  misc.o(i.NVIC_Init)
    NVIC_PriorityGroupConfig                 0x080023ad   Thumb Code    10  misc.o(i.NVIC_PriorityGroupConfig)
    Packet_Decode                            0x08002539   Thumb Code   396  packet.o(i.Packet_Decode)
    Packet_DecodeInit                        0x080026dd   Thumb Code    24  packet.o(i.Packet_DecodeInit)
    RCC_AHB1PeriphClockCmd                   0x080026fd   Thumb Code    26  stm32f4xx_rcc.o(i.RCC_AHB1PeriphClockCmd)
    RCC_APB1PeriphClockCmd                   0x0800271d   Thumb Code    26  stm32f4xx_rcc.o(i.RCC_APB1PeriphClockCmd)
    RCC_APB1PeriphResetCmd                   0x0800273d   Thumb Code    26  stm32f4xx_rcc.o(i.RCC_APB1PeriphResetCmd)
    RCC_APB2PeriphClockCmd                   0x0800275d   Thumb Code    26  stm32f4xx_rcc.o(i.RCC_APB2PeriphClockCmd)
    RCC_APB2PeriphResetCmd                   0x0800277d   Thumb Code    26  stm32f4xx_rcc.o(i.RCC_APB2PeriphResetCmd)
    RCC_GetClocksFreq                        0x0800279d   Thumb Code   214  stm32f4xx_rcc.o(i.RCC_GetClocksFreq)
    SysTick_Handler                          0x080029a5   Thumb Code    16  delay.o(i.SysTick_Handler)
    SystemInit                               0x080029b5   Thumb Code    88  system_stm32f4xx.o(i.SystemInit)
    TIM_ARRPreloadConfig                     0x08002a1d   Thumb Code    24  stm32f4xx_tim.o(i.TIM_ARRPreloadConfig)
    TIM_Cmd                                  0x08002a35   Thumb Code    24  stm32f4xx_tim.o(i.TIM_Cmd)
    TIM_CtrlPWMOutputs                       0x08002a4d   Thumb Code    30  stm32f4xx_tim.o(i.TIM_CtrlPWMOutputs)
    TIM_OC1Init                              0x08002a6d   Thumb Code   114  stm32f4xx_tim.o(i.TIM_OC1Init)
    TIM_OC1PreloadConfig                     0x08002ae9   Thumb Code    18  stm32f4xx_tim.o(i.TIM_OC1PreloadConfig)
    TIM_OC2Init                              0x08002afd   Thumb Code   154  stm32f4xx_tim.o(i.TIM_OC2Init)
    TIM_OC2PreloadConfig                     0x08002ba1   Thumb Code    26  stm32f4xx_tim.o(i.TIM_OC2PreloadConfig)
    TIM_OC3Init                              0x08002bbd   Thumb Code   150  stm32f4xx_tim.o(i.TIM_OC3Init)
    TIM_OC3PreloadConfig                     0x08002c5d   Thumb Code    18  stm32f4xx_tim.o(i.TIM_OC3PreloadConfig)
    TIM_OC4Init                              0x08002c71   Thumb Code   112  stm32f4xx_tim.o(i.TIM_OC4Init)
    TIM_OC4PreloadConfig                     0x08002ce9   Thumb Code    26  stm32f4xx_tim.o(i.TIM_OC4PreloadConfig)
    TIM_SetCompare1                          0x08002d03   Thumb Code     4  stm32f4xx_tim.o(i.TIM_SetCompare1)
    TIM_SetCompare2                          0x08002d07   Thumb Code     4  stm32f4xx_tim.o(i.TIM_SetCompare2)
    TIM_SetCompare3                          0x08002d0b   Thumb Code     4  stm32f4xx_tim.o(i.TIM_SetCompare3)
    TIM_TimeBaseInit                         0x08002d11   Thumb Code   104  stm32f4xx_tim.o(i.TIM_TimeBaseInit)
    Task_DataGet                             0x08002d95   Thumb Code   334  user_task.o(i.Task_DataGet)
    Task_Hi219mDataDecode                    0x08002f09   Thumb Code    76  user_task.o(i.Task_Hi219mDataDecode)
    Task_Init                                0x08002f65   Thumb Code   128  main.o(i.Task_Init)
    Task_Main                                0x0800304d   Thumb Code    30  user_task.o(i.Task_Main)
    Task_TimeCount                           0x0800306b   Thumb Code    18  user_task.o(i.Task_TimeCount)
    The_Balance_cal                          0x0800307d   Thumb Code   418  make_the_blance.o(i.The_Balance_cal)
    The_Moto_Do_angle                        0x08003245   Thumb Code   212  base_point.o(i.The_Moto_Do_angle)
    UART8_IRQHandler                         0x08003341   Thumb Code   120  stm32f4xx_it.o(i.UART8_IRQHandler)
    USART1_IRQHandler                        0x080033d1   Thumb Code   170  stm32f4xx_it.o(i.USART1_IRQHandler)
    USART6_IRQHandler                        0x08003491   Thumb Code   310  stm32f4xx_it.o(i.USART6_IRQHandler)
    USART_ClearFlag                          0x080035f1   Thumb Code    18  stm32f4xx_usart.o(i.USART_ClearFlag)
    USART_ClearITPendingBit                  0x08003603   Thumb Code    30  stm32f4xx_usart.o(i.USART_ClearITPendingBit)
    USART_Cmd                                0x08003621   Thumb Code    24  stm32f4xx_usart.o(i.USART_Cmd)
    USART_DMACmd                             0x08003639   Thumb Code    18  stm32f4xx_usart.o(i.USART_DMACmd)
    USART_DeInit                             0x0800364d   Thumb Code   206  stm32f4xx_usart.o(i.USART_DeInit)
    USART_GetITStatus                        0x0800373d   Thumb Code    84  stm32f4xx_usart.o(i.USART_GetITStatus)
    USART_ITConfig                           0x08003791   Thumb Code    74  stm32f4xx_usart.o(i.USART_ITConfig)
    USART_Init                               0x080037dd   Thumb Code   204  stm32f4xx_usart.o(i.USART_Init)
    USART_ReceiveData                        0x080038b1   Thumb Code    10  stm32f4xx_usart.o(i.USART_ReceiveData)
    USART_StructInit                         0x080038bb   Thumb Code    24  stm32f4xx_usart.o(i.USART_StructInit)
    USE_CAN1_AngleCotrol_M3508               0x080038d3   Thumb Code    76  m3508.o(i.USE_CAN1_AngleCotrol_M3508)
    USE_CAN1_ArmMotorCotrol_M3508            0x08003921   Thumb Code    92  m3508.o(i.USE_CAN1_ArmMotorCotrol_M3508)
    USE_CAN2_AngleCotrol_M3508               0x08003981   Thumb Code    76  m3508.o(i.USE_CAN2_AngleCotrol_M3508)
    USE_CAN2_ArmMotorCotrol_M3508            0x080039cd   Thumb Code    92  m3508.o(i.USE_CAN2_ArmMotorCotrol_M3508)
    _sys_exit                                0x08003a2d   Thumb Code     4  uart.o(i._sys_exit)
    cal_status_angle                         0x08003a31   Thumb Code  4158  cal_status.o(i.cal_status_angle)
    fnHi219m_DataDecode                      0x08004b09   Thumb Code   240  hi219m.o(i.fnHi219m_DataDecode)
    fnMotor_CanRecvDataDecode                0x08004c09   Thumb Code   152  m3508.o(i.fnMotor_CanRecvDataDecode)
    fnPID_Calc                               0x08004cc9   Thumb Code   230  pid.o(i.fnPID_Calc)
    fnPID_GetOutput                          0x08004daf   Thumb Code     6  pid.o(i.fnPID_GetOutput)
    fnPID_SetFeedback                        0x08004db5   Thumb Code     6  pid.o(i.fnPID_SetFeedback)
    fnPID_SetPara_IM                         0x08004dbb   Thumb Code     6  pid.o(i.fnPID_SetPara_IM)
    fnPID_SetPara_OM                         0x08004dc1   Thumb Code     6  pid.o(i.fnPID_SetPara_OM)
    fnPID_SetPara_P_I_D                      0x08004dc9   Thumb Code    18  pid.o(i.fnPID_SetPara_P_I_D)
    fnPID_SetTarget                          0x08004de1   Thumb Code     6  pid.o(i.fnPID_SetTarget)
    fnRemote_GetSensingVal                   0x08004de9   Thumb Code    56  remote.o(i.fnRemote_GetSensingVal)
    fnRemote_GetSwitchVal                    0x08004e25   Thumb Code    24  remote.o(i.fnRemote_GetSwitchVal)
    fnRemote_RawDataDecode                   0x08004e41   Thumb Code   412  remote.o(i.fnRemote_RawDataDecode)
    fputc                                    0x08004fe5   Thumb Code    24  uart.o(i.fputc)
    get_eular                                0x08005001   Thumb Code    14  imu_data_decode.o(i.get_eular)
    get_raw_gyo                              0x08005015   Thumb Code    16  imu_data_decode.o(i.get_raw_gyo)
    imu_data_decode_init                     0x08005029   Thumb Code    14  imu_data_decode.o(i.imu_data_decode_init)
    keep_high                                0x08005041   Thumb Code   218  make_keep_high.o(i.keep_high)
    key_contask                              0x08005125   Thumb Code   424  user_task.o(i.key_contask)
    key_jump_flag                            0x08005311   Thumb Code    36  remote.o(i.key_jump_flag)
    main                                     0x08005335   Thumb Code    20  main.o(i.main)
    need_remoto                              0x08005349   Thumb Code   124  remoto_control.o(i.need_remoto)
    pvPortMalloc                             0x08005ed5   Thumb Code   262  heap_4.o(i.pvPortMalloc)
    pvTaskIncrementMutexHeldCount            0x08006029   Thumb Code    26  tasks.o(i.pvTaskIncrementMutexHeldCount)
    pxPortInitialiseStack                    0x08006049   Thumb Code    38  port.o(i.pxPortInitialiseStack)
    sit_down                                 0x0800618d   Thumb Code   132  base_point.o(i.sit_down)
    sit_down_with_jump                       0x08006235   Thumb Code   242  base_point.o(i.sit_down_with_jump)
    stand_up                                 0x08006359   Thumb Code   132  base_point.o(i.stand_up)
    stand_up_withP                           0x08006401   Thumb Code   458  base_point.o(i.stand_up_withP)
    uxListRemove                             0x0800660d   Thumb Code    40  list.o(i.uxListRemove)
    vListInitialise                          0x08006635   Thumb Code    26  list.o(i.vListInitialise)
    vListInitialiseItem                      0x0800664f   Thumb Code     6  list.o(i.vListInitialiseItem)
    vListInsert                              0x08006655   Thumb Code    52  list.o(i.vListInsert)
    vListInsertEnd                           0x08006689   Thumb Code    24  list.o(i.vListInsertEnd)
    vPortEnterCritical                       0x080066a1   Thumb Code    68  port.o(i.vPortEnterCritical)
    vPortExitCritical                        0x08006729   Thumb Code    48  port.o(i.vPortExitCritical)
    vPortFree                                0x08006799   Thumb Code   120  heap_4.o(i.vPortFree)
    vPortSetupTimerInterrupt                 0x08006851   Thumb Code    26  port.o(i.vPortSetupTimerInterrupt)
    vPortValidateInterruptPriority           0x08006871   Thumb Code    86  port.o(i.vPortValidateInterruptPriority)
    vQueueAddToRegistry                      0x08006911   Thumb Code    38  queue.o(i.vQueueAddToRegistry)
    vQueueWaitForMessageRestricted           0x0800693d   Thumb Code    74  queue.o(i.vQueueWaitForMessageRestricted)
    vTaskDelay                               0x08006989   Thumb Code    72  tasks.o(i.vTaskDelay)
    vTaskDelayUntil                          0x080069fd   Thumb Code   170  tasks.o(i.vTaskDelayUntil)
    vTaskMissedYield                         0x08006ad9   Thumb Code     8  tasks.o(i.vTaskMissedYield)
    vTaskPlaceOnEventList                    0x08006ae5   Thumb Code    42  tasks.o(i.vTaskPlaceOnEventList)
    vTaskPlaceOnEventListRestricted          0x08006b39   Thumb Code    50  tasks.o(i.vTaskPlaceOnEventListRestricted)
    vTaskPriorityInherit                     0x08006b95   Thumb Code   164  tasks.o(i.vTaskPriorityInherit)
    vTaskSetTimeOutState                     0x08006c45   Thumb Code    32  tasks.o(i.vTaskSetTimeOutState)
    vTaskStartScheduler                      0x08006c91   Thumb Code   108  tasks.o(i.vTaskStartScheduler)
    vTaskSuspendAll                          0x08006d3d   Thumb Code    12  tasks.o(i.vTaskSuspendAll)
    vTaskSwitchContext                       0x08006d4d   Thumb Code   110  tasks.o(i.vTaskSwitchContext)
    xPortStartScheduler                      0x08006df5   Thumb Code   258  port.o(i.xPortStartScheduler)
    xPortSysTickHandler                      0x08006f51   Thumb Code    46  port.o(i.xPortSysTickHandler)
    xQueueGenericCreate                      0x08006f85   Thumb Code    78  queue.o(i.xQueueGenericCreate)
    xQueueGenericReceive                     0x08006ff9   Thumb Code   416  queue.o(i.xQueueGenericReceive)
    xQueueGenericReset                       0x080071c1   Thumb Code   136  queue.o(i.xQueueGenericReset)
    xQueueGenericSend                        0x08007271   Thumb Code   412  queue.o(i.xQueueGenericSend)
    xQueueGenericSendFromISR                 0x08007435   Thumb Code   234  queue.o(i.xQueueGenericSendFromISR)
    xQueueGiveFromISR                        0x08007545   Thumb Code   216  queue.o(i.xQueueGiveFromISR)
    xTaskCheckForTimeOut                     0x08007641   Thumb Code   116  tasks.o(i.xTaskCheckForTimeOut)
    xTaskCreate                              0x080076e1   Thumb Code    96  tasks.o(i.xTaskCreate)
    xTaskGetSchedulerState                   0x08007741   Thumb Code    24  tasks.o(i.xTaskGetSchedulerState)
    xTaskGetTickCount                        0x08007761   Thumb Code     6  tasks.o(i.xTaskGetTickCount)
    xTaskIncrementTick                       0x0800776d   Thumb Code   272  tasks.o(i.xTaskIncrementTick)
    xTaskPriorityDisinherit                  0x080078cd   Thumb Code   168  tasks.o(i.xTaskPriorityDisinherit)
    xTaskRemoveFromEventList                 0x080079a5   Thumb Code   118  tasks.o(i.xTaskRemoveFromEventList)
    xTaskResumeAll                           0x08007a59   Thumb Code   214  tasks.o(i.xTaskResumeAll)
    xTimerCreateTimerTask                    0x08007b79   Thumb Code    56  timers.o(i.xTimerCreateTimerTask)
    xTimerGenericCommand                     0x08007bed   Thumb Code   118  timers.o(i.xTimerGenericCommand)
    __aeabi_d2f                              0x08007c91   Thumb Code     0  d2f.o(x$fpl$d2f)
    _d2f                                     0x08007c91   Thumb Code    98  d2f.o(x$fpl$d2f)
    __aeabi_dadd                             0x08007cf5   Thumb Code     0  daddsub_clz.o(x$fpl$dadd)
    _dadd                                    0x08007cf5   Thumb Code   332  daddsub_clz.o(x$fpl$dadd)
    __aeabi_i2d                              0x08007e45   Thumb Code     0  dflt_clz.o(x$fpl$dflt)
    _dflt                                    0x08007e45   Thumb Code    46  dflt_clz.o(x$fpl$dflt)
    __fpl_dnaninf                            0x08007e73   Thumb Code   156  dnaninf.o(x$fpl$dnaninf)
    __fpl_dretinf                            0x08007f0f   Thumb Code    12  dretinf.o(x$fpl$dretinf)
    __aeabi_dsub                             0x08007f1d   Thumb Code     0  daddsub_clz.o(x$fpl$dsub)
    _dsub                                    0x08007f1d   Thumb Code   464  daddsub_clz.o(x$fpl$dsub)
    _fp_init                                 0x080080f1   Thumb Code    10  fpinit.o(x$fpl$fpinit)
    __fplib_config_fpu_vfp                   0x080080f9   Thumb Code     0  fpinit.o(x$fpl$fpinit)
    __fplib_config_pureend_doubles           0x080080f9   Thumb Code     0  fpinit.o(x$fpl$fpinit)
    __fpl_fretinf                            0x080080fb   Thumb Code    10  fretinf.o(x$fpl$fretinf)
    Region$$Table$$Base                      0x08008104   Number         0  anon$$obj.o(Region$$Table)
    __I$use$fp                               0x08008104   Number         0  usenofp.o(x$fpl$usenofp)
    Region$$Table$$Limit                     0x08008124   Number         0  anon$$obj.o(Region$$Table)
    SystemCoreClock                          0x20000000   Data           4  system_stm32f4xx.o(.data)
    AHBPrescTable                            0x20000004   Data          16  system_stm32f4xx.o(.data)
    __stdout                                 0x20000014   Data           4  uart.o(.data)
    ch                                       0x20000018   Data           4  stm32f4xx_it.o(.data)
    TF_distance                              0x2000001c   Data           4  stm32f4xx_it.o(.data)
    TF_strength                              0x20000020   Data           4  stm32f4xx_it.o(.data)
    TF_temperature                           0x20000024   Data           4  stm32f4xx_it.o(.data)
    TF_checksum                              0x20000028   Data           4  stm32f4xx_it.o(.data)
    TF_flage                                 0x2000002c   Data           4  stm32f4xx_it.o(.data)
    TF_uart_data                             0x20000030   Data           4  stm32f4xx_it.o(.data)
    TF_num                                   0x20000034   Data           4  stm32f4xx_it.o(.data)
    ass                                      0x20000038   Data           4  stm32f4xx_it.o(.data)
    Key_temp                                 0x20000040   Data           2  remote.o(.data)
    P_uintH219BuffLength                     0x20000050   Data           2  hi219m.o(.data)
    a10223                                   0x20000066   Data           2  imu_data_decode.o(.data)
    Dog_Leglf1                               0x2000007c   Data         148  m3508.o(.data)
    Dog_Leglf2                               0x20000110   Data         148  m3508.o(.data)
    Dog_LegRf3                               0x200001a4   Data         148  m3508.o(.data)
    Dog_LegRf4                               0x20000238   Data         148  m3508.o(.data)
    Dog_Leglb1                               0x200002cc   Data         148  m3508.o(.data)
    Dog_Leglb2                               0x20000360   Data         148  m3508.o(.data)
    Dog_LegRb3                               0x200003f4   Data         148  m3508.o(.data)
    Dog_LegRb4                               0x20000488   Data         148  m3508.o(.data)
    P_shH219DataDecode_Binary                0x2000051c   Data           4  user_task.o(.data)
    P_stHi219m_time                          0x20000520   Data           4  user_task.o(.data)
    tf                                       0x20000524   Data           4  user_task.o(.data)
    tb                                       0x20000528   Data           4  user_task.o(.data)
    bl                                       0x2000052c   Data           4  user_task.o(.data)
    br                                       0x20000530   Data           4  user_task.o(.data)
    tabu                                     0x20000534   Data           4  user_task.o(.data)
    Do_anglefb                               0x20000538   Data           4  user_task.o(.data)
    Do_anglelr                               0x2000053c   Data           4  user_task.o(.data)
    Do_tabu                                  0x20000540   Data           4  user_task.o(.data)
    page_timeplus                            0x20000544   Data           4  user_task.o(.data)
    uphigh_time                              0x20000548   Data           4  user_task.o(.data)
    downhigh_time                            0x2000054c   Data           4  user_task.o(.data)
    target_high                              0x20000550   Data           4  user_task.o(.data)
    high_elsa                                0x20000554   Data           4  user_task.o(.data)
    xt                                       0x20000558   Data           4  user_task.o(.data)
    yt                                       0x2000055c   Data           4  user_task.o(.data)
    if_jump                                  0x20000560   Data           4  user_task.o(.data)
    stand_up_w                               0x20000564   Data           4  base_point.o(.data)
    stand_up_w_db                            0x20000568   Data           4  base_point.o(.data)
    stand_up_w_cb                            0x2000056c   Data           4  base_point.o(.data)
    sit_timer                                0x20000570   Data           4  base_point.o(.data)
    stand_status                             0x20000574   Data          32  base_point.o(.data)
    sit_status                               0x20000594   Data          32  base_point.o(.data)
    sit_status_with_jump                     0x200005b4   Data          32  base_point.o(.data)
    sit_status_with_down                     0x200005d4   Data          32  base_point.o(.data)
    Frame_time                               0x200005f4   Data           4  cal_status.o(.data)
    Frame_page                               0x200005f8   Data           4  cal_status.o(.data)
    Ttabu1                                   0x200005fc   Data          32  cal_status.o(.data)
    Ttabu2                                   0x2000061c   Data          32  cal_status.o(.data)
    Ttabu3                                   0x2000063c   Data          32  cal_status.o(.data)
    Ttabu4                                   0x2000065c   Data          32  cal_status.o(.data)
    Ttabu5                                   0x2000067c   Data          32  cal_status.o(.data)
    Ttabu6                                   0x2000069c   Data          32  cal_status.o(.data)
    Ttabu7                                   0x200006bc   Data          32  cal_status.o(.data)
    Ttabu8                                   0x200006dc   Data          32  cal_status.o(.data)
    go_force1                                0x200006fc   Data          32  cal_status.o(.data)
    go_force2                                0x2000071c   Data          32  cal_status.o(.data)
    go_force3                                0x2000073c   Data          32  cal_status.o(.data)
    go_force4                                0x2000075c   Data          32  cal_status.o(.data)
    go_force5                                0x2000077c   Data          32  cal_status.o(.data)
    go_force6                                0x2000079c   Data          32  cal_status.o(.data)
    go_force7                                0x200007bc   Data          32  cal_status.o(.data)
    go_force8                                0x200007dc   Data          32  cal_status.o(.data)
    go_back1                                 0x200007fc   Data          32  cal_status.o(.data)
    go_back2                                 0x2000081c   Data          32  cal_status.o(.data)
    go_back3                                 0x2000083c   Data          32  cal_status.o(.data)
    go_back4                                 0x2000085c   Data          32  cal_status.o(.data)
    go_back5                                 0x2000087c   Data          32  cal_status.o(.data)
    go_back6                                 0x2000089c   Data          32  cal_status.o(.data)
    go_back7                                 0x200008bc   Data          32  cal_status.o(.data)
    go_back8                                 0x200008dc   Data          32  cal_status.o(.data)
    go_left1                                 0x200008fc   Data          32  cal_status.o(.data)
    go_left2                                 0x2000091c   Data          32  cal_status.o(.data)
    go_left3                                 0x2000093c   Data          32  cal_status.o(.data)
    go_left4                                 0x2000095c   Data          32  cal_status.o(.data)
    go_left5                                 0x2000097c   Data          32  cal_status.o(.data)
    go_left6                                 0x2000099c   Data          32  cal_status.o(.data)
    go_left7                                 0x200009bc   Data          32  cal_status.o(.data)
    go_left8                                 0x200009dc   Data          32  cal_status.o(.data)
    go_right1                                0x200009fc   Data          32  cal_status.o(.data)
    go_right2                                0x20000a1c   Data          32  cal_status.o(.data)
    go_right3                                0x20000a3c   Data          32  cal_status.o(.data)
    go_right4                                0x20000a5c   Data          32  cal_status.o(.data)
    go_right5                                0x20000a7c   Data          32  cal_status.o(.data)
    go_right6                                0x20000a9c   Data          32  cal_status.o(.data)
    go_right7                                0x20000abc   Data          32  cal_status.o(.data)
    go_right8                                0x20000adc   Data          32  cal_status.o(.data)
    tabu_page                                0x20000afc   Data           4  cal_status.o(.data)
    xgo_page                                 0x20000b00   Data           4  cal_status.o(.data)
    xback_page                               0x20000b04   Data           4  cal_status.o(.data)
    xleft_page                               0x20000b08   Data           4  cal_status.o(.data)
    xright_page                              0x20000b0c   Data           4  cal_status.o(.data)
    tlf1                                     0x20000b10   Data           4  cal_status.o(.data)
    tlf2                                     0x20000b14   Data           4  cal_status.o(.data)
    tRf3                                     0x20000b18   Data           4  cal_status.o(.data)
    tRf4                                     0x20000b1c   Data           4  cal_status.o(.data)
    tlb1                                     0x20000b20   Data           4  cal_status.o(.data)
    tlb2                                     0x20000b24   Data           4  cal_status.o(.data)
    tRb3                                     0x20000b28   Data           4  cal_status.o(.data)
    tRb4                                     0x20000b2c   Data           4  cal_status.o(.data)
    state_kara_speed                         0x20000b3c   Data         128  pid_states.o(.data)
    state_kara_position                      0x20000bbc   Data         128  pid_states.o(.data)
    state_kara1_speed                        0x20000c3c   Data         128  pid_states.o(.data)
    state_kara1_position                     0x20000cbc   Data         128  pid_states.o(.data)
    state_kara2_speed                        0x20000d3c   Data         128  pid_states.o(.data)
    state_kara2_position                     0x20000dbc   Data         144  pid_states.o(.data)
    state_kara3_speed                        0x20000e4c   Data         128  pid_states.o(.data)
    state_kara3_position                     0x20000ecc   Data         144  pid_states.o(.data)
    state_kara4_speed                        0x20000f5c   Data         128  pid_states.o(.data)
    state_kara4_position                     0x20000fdc   Data         144  pid_states.o(.data)
    state_kara5_speed                        0x2000106c   Data         128  pid_states.o(.data)
    state_kara5_position                     0x200010ec   Data         144  pid_states.o(.data)
    state_kara6_speed                        0x2000117c   Data         128  pid_states.o(.data)
    state_kara6_position                     0x200011fc   Data         128  pid_states.o(.data)
    stap                                     0x2000127c   Data           4  remoto_control.o(.data)
    stap1                                    0x20001280   Data           4  remoto_control.o(.data)
    pxCurrentTCB                             0x20001294   Data           4  tasks.o(.data)
    CAN1DataRecv                             0x20001308   Data          20  stm32f4xx_it.o(.bss)
    CAN2DataRecv                             0x2000131c   Data          20  stm32f4xx_it.o(.bss)
    TF_dat                                   0x20001330   Data          36  stm32f4xx_it.o(.bss)
    P_uintRemote_Data_Buf                    0x20001354   Data          60  remote.o(.bss)
    P_stRemoteData_Recv                      0x20001390   Data          70  remote.o(.bss)
    P_stRemoteData_Recv_Last                 0x200013d6   Data          70  remote.o(.bss)
    P_uintH219MDataBuffer                    0x20001430   Data         128  hi219m.o(.bss)
    P_stHi219m                               0x200014b0   Data          36  hi219m.o(.bss)
    P_stHi219m_FS                            0x200014d4   Data          36  hi219m.o(.bss)
    moto_angle                               0x20001600   Data          32  base_point.o(.bss)
    the_high_status                          0x20001620   Data          32  make_keep_high.o(.bss)
    the_blance                               0x20001640   Data          32  make_the_blance.o(.bss)
    the_blance1                              0x20001660   Data          32  make_the_blance.o(.bss)
    xQueueRegistry                           0x20001680   Data          64  queue.o(.bss)
    __libspace_start                         0x200069cc   Data          96  libspace.o(.bss)
    __temporary_stack_top$libspace           0x20006a2c   Data           0  libspace.o(.bss)



==============================================================================

Memory Map of the image

  Image Entry point : 0x080001ad

  Load Region LR_IROM1 (Base: 0x08000000, Size: 0x0000942c, Max: 0x00200000, ABSOLUTE, COMPRESSED[0x00008370])

    Execution Region ER_IROM1 (Exec base: 0x08000000, Load base: 0x08000000, Size: 0x00008124, Max: 0x00200000, ABSOLUTE)

    Exec Addr    Load Addr    Size         Type   Attr      Idx    E Section Name        Object

    0x08000000   0x08000000   0x000001ac   Data   RO         3150    RESET               startup_stm32f427xx.o
    0x080001ac   0x080001ac   0x00000008   Code   RO         4280  * !!!main             c_w.l(__main.o)
    0x080001b4   0x080001b4   0x00000034   Code   RO         4479    !!!scatter          c_w.l(__scatter.o)
    0x080001e8   0x080001e8   0x00000064   Code   RO         4477    !!dclz77c           c_w.l(__dclz77c.o)
    0x0800024c   0x0800024c   0x0000001c   Code   RO         4481    !!handler_zi        c_w.l(__scatter_zi.o)
    0x08000268   0x08000268   0x00000000   Code   RO         4267    .ARM.Collect$$_printf_percent$$00000000  c_w.l(_printf_percent.o)
    0x08000268   0x08000268   0x00000006   Code   RO         4265    .ARM.Collect$$_printf_percent$$00000009  c_w.l(_printf_d.o)
    0x0800026e   0x0800026e   0x00000006   Code   RO         4264    .ARM.Collect$$_printf_percent$$00000014  c_w.l(_printf_s.o)
    0x08000274   0x08000274   0x00000004   Code   RO         4309    .ARM.Collect$$_printf_percent$$00000017  c_w.l(_printf_percent_end.o)
    0x08000278   0x08000278   0x00000002   Code   RO         4351    .ARM.Collect$$libinit$$00000000  c_w.l(libinit.o)
    0x0800027a   0x0800027a   0x00000004   Code   RO         4357    .ARM.Collect$$libinit$$00000001  c_w.l(libinit2.o)
    0x0800027e   0x0800027e   0x00000000   Code   RO         4360    .ARM.Collect$$libinit$$00000004  c_w.l(libinit2.o)
    0x0800027e   0x0800027e   0x00000000   Code   RO         4363    .ARM.Collect$$libinit$$0000000A  c_w.l(libinit2.o)
    0x0800027e   0x0800027e   0x00000000   Code   RO         4365    .ARM.Collect$$libinit$$0000000C  c_w.l(libinit2.o)
    0x0800027e   0x0800027e   0x00000000   Code   RO         4367    .ARM.Collect$$libinit$$0000000E  c_w.l(libinit2.o)
    0x0800027e   0x0800027e   0x00000000   Code   RO         4370    .ARM.Collect$$libinit$$00000011  c_w.l(libinit2.o)
    0x0800027e   0x0800027e   0x00000000   Code   RO         4372    .ARM.Collect$$libinit$$00000013  c_w.l(libinit2.o)
    0x0800027e   0x0800027e   0x00000000   Code   RO         4374    .ARM.Collect$$libinit$$00000015  c_w.l(libinit2.o)
    0x0800027e   0x0800027e   0x00000000   Code   RO         4376    .ARM.Collect$$libinit$$00000017  c_w.l(libinit2.o)
    0x0800027e   0x0800027e   0x00000000   Code   RO         4378    .ARM.Collect$$libinit$$00000019  c_w.l(libinit2.o)
    0x0800027e   0x0800027e   0x00000000   Code   RO         4380    .ARM.Collect$$libinit$$0000001B  c_w.l(libinit2.o)
    0x0800027e   0x0800027e   0x00000000   Code   RO         4382    .ARM.Collect$$libinit$$0000001D  c_w.l(libinit2.o)
    0x0800027e   0x0800027e   0x00000000   Code   RO         4384    .ARM.Collect$$libinit$$0000001F  c_w.l(libinit2.o)
    0x0800027e   0x0800027e   0x00000000   Code   RO         4386    .ARM.Collect$$libinit$$00000021  c_w.l(libinit2.o)
    0x0800027e   0x0800027e   0x00000000   Code   RO         4388    .ARM.Collect$$libinit$$00000023  c_w.l(libinit2.o)
    0x0800027e   0x0800027e   0x00000000   Code   RO         4390    .ARM.Collect$$libinit$$00000025  c_w.l(libinit2.o)
    0x0800027e   0x0800027e   0x00000000   Code   RO         4394    .ARM.Collect$$libinit$$0000002C  c_w.l(libinit2.o)
    0x0800027e   0x0800027e   0x00000000   Code   RO         4396    .ARM.Collect$$libinit$$0000002E  c_w.l(libinit2.o)
    0x0800027e   0x0800027e   0x00000000   Code   RO         4398    .ARM.Collect$$libinit$$00000030  c_w.l(libinit2.o)
    0x0800027e   0x0800027e   0x00000000   Code   RO         4400    .ARM.Collect$$libinit$$00000032  c_w.l(libinit2.o)
    0x0800027e   0x0800027e   0x00000002   Code   RO         4401    .ARM.Collect$$libinit$$00000033  c_w.l(libinit2.o)
    0x08000280   0x08000280   0x00000002   Code   RO         4419    .ARM.Collect$$libshutdown$$00000000  c_w.l(libshutdown.o)
    0x08000282   0x08000282   0x00000000   Code   RO         4429    .ARM.Collect$$libshutdown$$00000002  c_w.l(libshutdown2.o)
    0x08000282   0x08000282   0x00000000   Code   RO         4431    .ARM.Collect$$libshutdown$$00000004  c_w.l(libshutdown2.o)
    0x08000282   0x08000282   0x00000000   Code   RO         4434    .ARM.Collect$$libshutdown$$00000007  c_w.l(libshutdown2.o)
    0x08000282   0x08000282   0x00000000   Code   RO         4437    .ARM.Collect$$libshutdown$$0000000A  c_w.l(libshutdown2.o)
    0x08000282   0x08000282   0x00000000   Code   RO         4439    .ARM.Collect$$libshutdown$$0000000C  c_w.l(libshutdown2.o)
    0x08000282   0x08000282   0x00000000   Code   RO         4442    .ARM.Collect$$libshutdown$$0000000F  c_w.l(libshutdown2.o)
    0x08000282   0x08000282   0x00000002   Code   RO         4443    .ARM.Collect$$libshutdown$$00000010  c_w.l(libshutdown2.o)
    0x08000284   0x08000284   0x00000000   Code   RO         4298    .ARM.Collect$$rtentry$$00000000  c_w.l(__rtentry.o)
    0x08000284   0x08000284   0x00000000   Code   RO         4322    .ARM.Collect$$rtentry$$00000002  c_w.l(__rtentry2.o)
    0x08000284   0x08000284   0x00000006   Code   RO         4334    .ARM.Collect$$rtentry$$00000004  c_w.l(__rtentry4.o)
    0x0800028a   0x0800028a   0x00000000   Code   RO         4324    .ARM.Collect$$rtentry$$00000009  c_w.l(__rtentry2.o)
    0x0800028a   0x0800028a   0x00000004   Code   RO         4325    .ARM.Collect$$rtentry$$0000000A  c_w.l(__rtentry2.o)
    0x0800028e   0x0800028e   0x00000000   Code   RO         4327    .ARM.Collect$$rtentry$$0000000C  c_w.l(__rtentry2.o)
    0x0800028e   0x0800028e   0x00000008   Code   RO         4328    .ARM.Collect$$rtentry$$0000000D  c_w.l(__rtentry2.o)
    0x08000296   0x08000296   0x00000002   Code   RO         4355    .ARM.Collect$$rtexit$$00000000  c_w.l(rtexit.o)
    0x08000298   0x08000298   0x00000000   Code   RO         4403    .ARM.Collect$$rtexit$$00000002  c_w.l(rtexit2.o)
    0x08000298   0x08000298   0x00000004   Code   RO         4404    .ARM.Collect$$rtexit$$00000003  c_w.l(rtexit2.o)
    0x0800029c   0x0800029c   0x00000006   Code   RO         4405    .ARM.Collect$$rtexit$$00000004  c_w.l(rtexit2.o)
    0x080002a2   0x080002a2   0x00000002   PAD
    0x080002a4   0x080002a4   0x000000b6   Code   RO         4085    .emb_text           port.o
    0x0800035a   0x0800035a   0x00000002   PAD
    0x0800035c   0x0800035c   0x0000004c   Code   RO         3151    .text               startup_stm32f427xx.o
    0x080003a8   0x080003a8   0x00000002   Code   RO         4227    .text               c_w.l(use_no_semi_2.o)
    0x080003aa   0x080003aa   0x00000002   PAD
    0x080003ac   0x080003ac   0x00000018   Code   RO         4233    .text               c_w.l(noretval__2printf.o)
    0x080003c4   0x080003c4   0x00000068   Code   RO         4237    .text               c_w.l(__printf.o)
    0x0800042c   0x0800042c   0x00000052   Code   RO         4239    .text               c_w.l(_printf_str.o)
    0x0800047e   0x0800047e   0x00000002   PAD
    0x08000480   0x08000480   0x00000078   Code   RO         4241    .text               c_w.l(_printf_dec.o)
    0x080004f8   0x080004f8   0x0000008a   Code   RO         4272    .text               c_w.l(rt_memcpy_v6.o)
    0x08000582   0x08000582   0x00000010   Code   RO         4274    .text               c_w.l(aeabi_memset.o)
    0x08000592   0x08000592   0x0000004e   Code   RO         4276    .text               c_w.l(rt_memclr_w.o)
    0x080005e0   0x080005e0   0x00000006   Code   RO         4278    .text               c_w.l(heapauxi.o)
    0x080005e6   0x080005e6   0x00000002   Code   RO         4296    .text               c_w.l(use_no_semi.o)
    0x080005e8   0x080005e8   0x000000b2   Code   RO         4299    .text               c_w.l(_printf_intcommon.o)
    0x0800069a   0x0800069a   0x00000002   PAD
    0x0800069c   0x0800069c   0x00000030   Code   RO         4301    .text               c_w.l(_printf_char_common.o)
    0x080006cc   0x080006cc   0x0000002c   Code   RO         4305    .text               c_w.l(_printf_char.o)
    0x080006f8   0x080006f8   0x00000024   Code   RO         4307    .text               c_w.l(_printf_char_file.o)
    0x0800071c   0x0800071c   0x00000064   Code   RO         4310    .text               c_w.l(rt_memcpy_w.o)
    0x08000780   0x08000780   0x00000044   Code   RO         4312    .text               c_w.l(rt_memclr.o)
    0x080007c4   0x080007c4   0x00000008   Code   RO         4338    .text               c_w.l(ferror.o)
    0x080007cc   0x080007cc   0x0000004a   Code   RO         4342    .text               c_w.l(sys_stackheap_outer.o)
    0x08000816   0x08000816   0x00000012   Code   RO         4344    .text               c_w.l(exit.o)
    0x08000828   0x08000828   0x00000008   Code   RO         4352    .text               c_w.l(libspace.o)
    0x08000830   0x08000830   0x00000140   Code   RO          418    i.BSP_CAN_Init      can.o
    0x08000970   0x08000970   0x000000e0   Code   RO          500    i.BSP_DMA_Init      dma.o
    0x08000a50   0x08000a50   0x00000244   Code   RO          333    i.BSP_GPIO_Init     gpio.o
    0x08000c94   0x08000c94   0x0000001c   Code   RO            3    i.BSP_Init          main.o
    0x08000cb0   0x08000cb0   0x000000d8   Code   RO          398    i.BSP_NVIC_Init     nvic.o
    0x08000d88   0x08000d88   0x00000250   Code   RO          438    i.BSP_TIM_Init      timer.o
    0x08000fd8   0x08000fd8   0x0000010c   Code   RO          458    i.BSP_USART_Init    uart.o
    0x080010e4   0x080010e4   0x0000003c   Code   RO          520    i.CAN1_RX0_IRQHandler  stm32f4xx_it.o
    0x08001120   0x08001120   0x0000001c   Code   RO          521    i.CAN1_TX_IRQHandler  stm32f4xx_it.o
    0x0800113c   0x0800113c   0x0000003c   Code   RO          522    i.CAN2_RX0_IRQHandler  stm32f4xx_it.o
    0x08001178   0x08001178   0x0000001c   Code   RO          523    i.CAN2_TX_IRQHandler  stm32f4xx_it.o
    0x08001194   0x08001194   0x00000038   Code   RO         1318    i.CAN_ClearFlag     stm32f4xx_can.o
    0x080011cc   0x080011cc   0x000000a8   Code   RO         1319    i.CAN_ClearITPendingBit  stm32f4xx_can.o
    0x08001274   0x08001274   0x00000038   Code   RO         1321    i.CAN_DeInit        stm32f4xx_can.o
    0x080012ac   0x080012ac   0x00000108   Code   RO         1323    i.CAN_FilterInit    stm32f4xx_can.o
    0x080013b4   0x080013b4   0x00000120   Code   RO         1325    i.CAN_GetITStatus   stm32f4xx_can.o
    0x080014d4   0x080014d4   0x00000012   Code   RO         1329    i.CAN_ITConfig      stm32f4xx_can.o
    0x080014e6   0x080014e6   0x00000114   Code   RO         1330    i.CAN_Init          stm32f4xx_can.o
    0x080015fa   0x080015fa   0x000000f0   Code   RO         1333    i.CAN_Receive       stm32f4xx_can.o
    0x080016ea   0x080016ea   0x00000020   Code   RO         1336    i.CAN_StructInit    stm32f4xx_can.o
    0x0800170a   0x0800170a   0x00000126   Code   RO         1338    i.CAN_Transmit      stm32f4xx_can.o
    0x08001830   0x08001830   0x000000a0   Code   RO         1339    i.CAN_TransmitStatus  stm32f4xx_can.o
    0x080018d0   0x080018d0   0x00000012   Code   RO         1341    i.CheckITStatus     stm32f4xx_can.o
    0x080018e2   0x080018e2   0x00000002   PAD
    0x080018e4   0x080018e4   0x00000178   Code   RO          866    i.Control_SetCurrentVal  m3508.o
    0x08001a5c   0x08001a5c   0x00000034   Code   RO         1480    i.DMA_ClearFlag     stm32f4xx_dma.o
    0x08001a90   0x08001a90   0x00000016   Code   RO         1482    i.DMA_Cmd           stm32f4xx_dma.o
    0x08001aa6   0x08001aa6   0x00000002   PAD
    0x08001aa8   0x08001aa8   0x00000158   Code   RO         1483    i.DMA_DeInit        stm32f4xx_dma.o
    0x08001c00   0x08001c00   0x00000016   Code   RO         1484    i.DMA_DoubleBufferModeCmd  stm32f4xx_dma.o
    0x08001c16   0x08001c16   0x00000018   Code   RO         1485    i.DMA_DoubleBufferModeConfig  stm32f4xx_dma.o
    0x08001c2e   0x08001c2e   0x00000014   Code   RO         1487    i.DMA_GetCmdStatus  stm32f4xx_dma.o
    0x08001c42   0x08001c42   0x00000008   Code   RO         1488    i.DMA_GetCurrDataCounter  stm32f4xx_dma.o
    0x08001c4a   0x08001c4a   0x00000014   Code   RO         1489    i.DMA_GetCurrentMemoryTarget  stm32f4xx_dma.o
    0x08001c5e   0x08001c5e   0x00000002   PAD
    0x08001c60   0x08001c60   0x00000058   Code   RO         1494    i.DMA_Init          stm32f4xx_dma.o
    0x08001cb8   0x08001cb8   0x00000004   Code   RO         1497    i.DMA_SetCurrDataCounter  stm32f4xx_dma.o
    0x08001cbc   0x08001cbc   0x00000022   Code   RO         1498    i.DMA_StructInit    stm32f4xx_dma.o
    0x08001cde   0x08001cde   0x00000002   PAD
    0x08001ce0   0x08001ce0   0x0000005c   Code   RO         1005    i.DOG_kara          base_point.o
    0x08001d3c   0x08001d3c   0x00000090   Code   RO         1863    i.GPIO_Init         stm32f4xx_gpio.o
    0x08001dcc   0x08001dcc   0x00000046   Code   RO         1864    i.GPIO_PinAFConfig  stm32f4xx_gpio.o
    0x08001e12   0x08001e12   0x00000012   Code   RO         1867    i.GPIO_ReadInputDataBit  stm32f4xx_gpio.o
    0x08001e24   0x08001e24   0x00000008   Code   RO            4    i.Hardware_Init     main.o
    0x08001e2c   0x08001e2c   0x00000008   Code   RO          658    i.Hi219m_ParaInit   hi219m.o
    0x08001e34   0x08001e34   0x00000108   Code   RO          584    i.Key_Jump_Flag_Get  remote.o
    0x08001f3c   0x08001f3c   0x000003f8   Code   RO          867    i.M3508_ParaInit    m3508.o
    0x08002334   0x08002334   0x00000078   Code   RO         1273    i.NVIC_Init         misc.o
    0x080023ac   0x080023ac   0x00000014   Code   RO         1274    i.NVIC_PriorityGroupConfig  misc.o
    0x080023c0   0x080023c0   0x00000178   Code   RO          689    i.OnDataReceived    imu_data_decode.o
    0x08002538   0x08002538   0x000001a4   Code   RO          757    i.Packet_Decode     packet.o
    0x080026dc   0x080026dc   0x00000020   Code   RO          758    i.Packet_DecodeInit  packet.o
    0x080026fc   0x080026fc   0x00000020   Code   RO         2010    i.RCC_AHB1PeriphClockCmd  stm32f4xx_rcc.o
    0x0800271c   0x0800271c   0x00000020   Code   RO         2019    i.RCC_APB1PeriphClockCmd  stm32f4xx_rcc.o
    0x0800273c   0x0800273c   0x00000020   Code   RO         2021    i.RCC_APB1PeriphResetCmd  stm32f4xx_rcc.o
    0x0800275c   0x0800275c   0x00000020   Code   RO         2022    i.RCC_APB2PeriphClockCmd  stm32f4xx_rcc.o
    0x0800277c   0x0800277c   0x00000020   Code   RO         2024    i.RCC_APB2PeriphResetCmd  stm32f4xx_rcc.o
    0x0800279c   0x0800279c   0x000000e8   Code   RO         2031    i.RCC_GetClocksFreq  stm32f4xx_rcc.o
    0x08002884   0x08002884   0x00000120   Code   RO          296    i.SetSysClock       system_stm32f4xx.o
    0x080029a4   0x080029a4   0x00000010   Code   RO         1217    i.SysTick_Handler   delay.o
    0x080029b4   0x080029b4   0x00000068   Code   RO          298    i.SystemInit        system_stm32f4xx.o
    0x08002a1c   0x08002a1c   0x00000018   Code   RO         2404    i.TIM_ARRPreloadConfig  stm32f4xx_tim.o
    0x08002a34   0x08002a34   0x00000018   Code   RO         2416    i.TIM_Cmd           stm32f4xx_tim.o
    0x08002a4c   0x08002a4c   0x0000001e   Code   RO         2418    i.TIM_CtrlPWMOutputs  stm32f4xx_tim.o
    0x08002a6a   0x08002a6a   0x00000002   PAD
    0x08002a6c   0x08002a6c   0x0000007c   Code   RO         2445    i.TIM_OC1Init       stm32f4xx_tim.o
    0x08002ae8   0x08002ae8   0x00000012   Code   RO         2448    i.TIM_OC1PreloadConfig  stm32f4xx_tim.o
    0x08002afa   0x08002afa   0x00000002   PAD
    0x08002afc   0x08002afc   0x000000a4   Code   RO         2450    i.TIM_OC2Init       stm32f4xx_tim.o
    0x08002ba0   0x08002ba0   0x0000001a   Code   RO         2453    i.TIM_OC2PreloadConfig  stm32f4xx_tim.o
    0x08002bba   0x08002bba   0x00000002   PAD
    0x08002bbc   0x08002bbc   0x000000a0   Code   RO         2455    i.TIM_OC3Init       stm32f4xx_tim.o
    0x08002c5c   0x08002c5c   0x00000012   Code   RO         2458    i.TIM_OC3PreloadConfig  stm32f4xx_tim.o
    0x08002c6e   0x08002c6e   0x00000002   PAD
    0x08002c70   0x08002c70   0x00000078   Code   RO         2460    i.TIM_OC4Init       stm32f4xx_tim.o
    0x08002ce8   0x08002ce8   0x0000001a   Code   RO         2462    i.TIM_OC4PreloadConfig  stm32f4xx_tim.o
    0x08002d02   0x08002d02   0x00000004   Code   RO         2478    i.TIM_SetCompare1   stm32f4xx_tim.o
    0x08002d06   0x08002d06   0x00000004   Code   RO         2479    i.TIM_SetCompare2   stm32f4xx_tim.o
    0x08002d0a   0x08002d0a   0x00000004   Code   RO         2480    i.TIM_SetCompare3   stm32f4xx_tim.o
    0x08002d0e   0x08002d0e   0x00000002   PAD
    0x08002d10   0x08002d10   0x00000084   Code   RO         2488    i.TIM_TimeBaseInit  stm32f4xx_tim.o
    0x08002d94   0x08002d94   0x00000174   Code   RO          955    i.Task_DataGet      user_task.o
    0x08002f08   0x08002f08   0x0000005c   Code   RO          956    i.Task_Hi219mDataDecode  user_task.o
    0x08002f64   0x08002f64   0x000000e8   Code   RO            5    i.Task_Init         main.o
    0x0800304c   0x0800304c   0x0000001e   Code   RO          957    i.Task_Main         user_task.o
    0x0800306a   0x0800306a   0x00000012   Code   RO          958    i.Task_TimeCount    user_task.o
    0x0800307c   0x0800307c   0x000001c8   Code   RO         1133    i.The_Balance_cal   make_the_blance.o
    0x08003244   0x08003244   0x000000fc   Code   RO         1006    i.The_Moto_Do_angle  base_point.o
    0x08003340   0x08003340   0x00000090   Code   RO          524    i.UART8_IRQHandler  stm32f4xx_it.o
    0x080033d0   0x080033d0   0x000000c0   Code   RO          525    i.USART1_IRQHandler  stm32f4xx_it.o
    0x08003490   0x08003490   0x00000160   Code   RO          526    i.USART6_IRQHandler  stm32f4xx_it.o
    0x080035f0   0x080035f0   0x00000012   Code   RO         2962    i.USART_ClearFlag   stm32f4xx_usart.o
    0x08003602   0x08003602   0x0000001e   Code   RO         2963    i.USART_ClearITPendingBit  stm32f4xx_usart.o
    0x08003620   0x08003620   0x00000018   Code   RO         2966    i.USART_Cmd         stm32f4xx_usart.o
    0x08003638   0x08003638   0x00000012   Code   RO         2967    i.USART_DMACmd      stm32f4xx_usart.o
    0x0800364a   0x0800364a   0x00000002   PAD
    0x0800364c   0x0800364c   0x000000f0   Code   RO         2968    i.USART_DeInit      stm32f4xx_usart.o
    0x0800373c   0x0800373c   0x00000054   Code   RO         2970    i.USART_GetITStatus  stm32f4xx_usart.o
    0x08003790   0x08003790   0x0000004a   Code   RO         2972    i.USART_ITConfig    stm32f4xx_usart.o
    0x080037da   0x080037da   0x00000002   PAD
    0x080037dc   0x080037dc   0x000000d4   Code   RO         2973    i.USART_Init        stm32f4xx_usart.o
    0x080038b0   0x080038b0   0x0000000a   Code   RO         2980    i.USART_ReceiveData  stm32f4xx_usart.o
    0x080038ba   0x080038ba   0x00000018   Code   RO         2989    i.USART_StructInit  stm32f4xx_usart.o
    0x080038d2   0x080038d2   0x0000004c   Code   RO          868    i.USE_CAN1_AngleCotrol_M3508  m3508.o
    0x0800391e   0x0800391e   0x00000002   PAD
    0x08003920   0x08003920   0x00000060   Code   RO          869    i.USE_CAN1_ArmMotorCotrol_M3508  m3508.o
    0x08003980   0x08003980   0x0000004c   Code   RO          871    i.USE_CAN2_AngleCotrol_M3508  m3508.o
    0x080039cc   0x080039cc   0x00000060   Code   RO          872    i.USE_CAN2_ArmMotorCotrol_M3508  m3508.o
    0x08003a2c   0x08003a2c   0x00000004   Code   RO          459    i._sys_exit         uart.o
    0x08003a30   0x08003a30   0x0000109c   Code   RO         1070    i.cal_status_angle  cal_status.o
    0x08004acc   0x08004acc   0x0000003c   Code   RO          760    i.crc16_update      packet.o
    0x08004b08   0x08004b08   0x00000100   Code   RO          659    i.fnHi219m_DataDecode  hi219m.o
    0x08004c08   0x08004c08   0x000000c0   Code   RO          874    i.fnMotor_CanRecvDataDecode  m3508.o
    0x08004cc8   0x08004cc8   0x000000e6   Code   RO          810    i.fnPID_Calc        pid.o
    0x08004dae   0x08004dae   0x00000006   Code   RO          811    i.fnPID_GetOutput   pid.o
    0x08004db4   0x08004db4   0x00000006   Code   RO          812    i.fnPID_SetFeedback  pid.o
    0x08004dba   0x08004dba   0x00000006   Code   RO          813    i.fnPID_SetPara_IM  pid.o
    0x08004dc0   0x08004dc0   0x00000006   Code   RO          814    i.fnPID_SetPara_OM  pid.o
    0x08004dc6   0x08004dc6   0x00000002   PAD
    0x08004dc8   0x08004dc8   0x00000018   Code   RO          815    i.fnPID_SetPara_P_I_D  pid.o
    0x08004de0   0x08004de0   0x00000006   Code   RO          816    i.fnPID_SetTarget   pid.o
    0x08004de6   0x08004de6   0x00000002   PAD
    0x08004de8   0x08004de8   0x0000003c   Code   RO          587    i.fnRemote_GetSensingVal  remote.o
    0x08004e24   0x08004e24   0x0000001c   Code   RO          588    i.fnRemote_GetSwitchVal  remote.o
    0x08004e40   0x08004e40   0x000001a4   Code   RO          590    i.fnRemote_RawDataDecode  remote.o
    0x08004fe4   0x08004fe4   0x0000001c   Code   RO          460    i.fputc             uart.o
    0x08005000   0x08005000   0x00000014   Code   RO          690    i.get_eular         imu_data_decode.o
    0x08005014   0x08005014   0x00000014   Code   RO          694    i.get_raw_gyo       imu_data_decode.o
    0x08005028   0x08005028   0x00000018   Code   RO          696    i.imu_data_decode_init  imu_data_decode.o
    0x08005040   0x08005040   0x000000e4   Code   RO         1106    i.keep_high         make_keep_high.o
    0x08005124   0x08005124   0x000001ec   Code   RO          959    i.key_contask       user_task.o
    0x08005310   0x08005310   0x00000024   Code   RO          591    i.key_jump_flag     remote.o
    0x08005334   0x08005334   0x00000014   Code   RO            6    i.main              main.o
    0x08005348   0x08005348   0x00000094   Code   RO         1180    i.need_remoto       remoto_control.o
    0x080053dc   0x080053dc   0x00000098   Code   RO         3579    i.prvAddCurrentTaskToDelayedList  tasks.o
    0x08005474   0x08005474   0x000000b8   Code   RO         3580    i.prvAddNewTaskToReadyList  tasks.o
    0x0800552c   0x0800552c   0x00000064   Code   RO         3947    i.prvCheckForValidListAndQueue  timers.o
    0x08005590   0x08005590   0x00000064   Code   RO         3581    i.prvCheckTasksWaitingTermination  tasks.o
    0x080055f4   0x080055f4   0x0000002a   Code   RO         3338    i.prvCopyDataFromQueue  queue.o
    0x0800561e   0x0800561e   0x0000007c   Code   RO         3339    i.prvCopyDataToQueue  queue.o
    0x0800569a   0x0800569a   0x00000012   Code   RO         3582    i.prvDeleteTCB      tasks.o
    0x080056ac   0x080056ac   0x00000028   Code   RO         3948    i.prvGetNextExpireTime  timers.o
    0x080056d4   0x080056d4   0x0000007c   Code   RO         4170    i.prvHeapInit       heap_4.o
    0x08005750   0x08005750   0x00000028   Code   RO         3583    i.prvIdleTask       tasks.o
    0x08005778   0x08005778   0x0000002e   Code   RO         3341    i.prvInitialiseNewQueue  queue.o
    0x080057a6   0x080057a6   0x00000002   PAD
    0x080057a8   0x080057a8   0x000000d0   Code   RO         3584    i.prvInitialiseNewTask  tasks.o
    0x08005878   0x08005878   0x00000068   Code   RO         3585    i.prvInitialiseTaskLists  tasks.o
    0x080058e0   0x080058e0   0x00000068   Code   RO         4171    i.prvInsertBlockIntoFreeList  heap_4.o
    0x08005948   0x08005948   0x00000058   Code   RO         3950    i.prvInsertTimerInActiveList  timers.o
    0x080059a0   0x080059a0   0x0000001a   Code   RO         3342    i.prvIsQueueEmpty   queue.o
    0x080059ba   0x080059ba   0x0000001e   Code   RO         3343    i.prvIsQueueFull    queue.o
    0x080059d8   0x080059d8   0x000000a0   Code   RO         3344    i.prvNotifyQueueSetContainer  queue.o
    0x08005a78   0x08005a78   0x00000080   Code   RO         3951    i.prvProcessExpiredTimer  timers.o
    0x08005af8   0x08005af8   0x0000012c   Code   RO         3952    i.prvProcessReceivedCommands  timers.o
    0x08005c24   0x08005c24   0x00000074   Code   RO         3953    i.prvProcessTimerOrBlockTask  timers.o
    0x08005c98   0x08005c98   0x00000034   Code   RO         3587    i.prvResetNextTaskUnblockTime  tasks.o
    0x08005ccc   0x08005ccc   0x0000002c   Code   RO         3954    i.prvSampleTimeNow  timers.o
    0x08005cf8   0x08005cf8   0x000000bc   Code   RO         3955    i.prvSwitchTimerLists  timers.o
    0x08005db4   0x08005db4   0x00000074   Code   RO         4086    i.prvTaskExitError  port.o
    0x08005e28   0x08005e28   0x0000001a   Code   RO         3956    i.prvTimerTask      timers.o
    0x08005e42   0x08005e42   0x00000092   Code   RO         3345    i.prvUnlockQueue    queue.o
    0x08005ed4   0x08005ed4   0x00000154   Code   RO         4172    i.pvPortMalloc      heap_4.o
    0x08006028   0x08006028   0x00000020   Code   RO         3591    i.pvTaskIncrementMutexHeldCount  tasks.o
    0x08006048   0x08006048   0x0000002c   Code   RO         4087    i.pxPortInitialiseStack  port.o
    0x08006074   0x08006074   0x000000e4   Code   RO          875    i.s_fnM3508_RawDataDecode  m3508.o
    0x08006158   0x08006158   0x00000032   Code   RO          876    i.s_fnMotor_CANSend  m3508.o
    0x0800618a   0x0800618a   0x00000002   PAD
    0x0800618c   0x0800618c   0x000000a8   Code   RO         1008    i.sit_down          base_point.o
    0x08006234   0x08006234   0x00000124   Code   RO         1009    i.sit_down_with_jump  base_point.o
    0x08006358   0x08006358   0x000000a8   Code   RO         1010    i.stand_up          base_point.o
    0x08006400   0x08006400   0x0000020c   Code   RO         1011    i.stand_up_withP    base_point.o
    0x0800660c   0x0800660c   0x00000028   Code   RO         3293    i.uxListRemove      list.o
    0x08006634   0x08006634   0x0000001a   Code   RO         3294    i.vListInitialise   list.o
    0x0800664e   0x0800664e   0x00000006   Code   RO         3295    i.vListInitialiseItem  list.o
    0x08006654   0x08006654   0x00000034   Code   RO         3296    i.vListInsert       list.o
    0x08006688   0x08006688   0x00000018   Code   RO         3297    i.vListInsertEnd    list.o
    0x080066a0   0x080066a0   0x00000088   Code   RO         4089    i.vPortEnterCritical  port.o
    0x08006728   0x08006728   0x00000070   Code   RO         4090    i.vPortExitCritical  port.o
    0x08006798   0x08006798   0x000000b8   Code   RO         4173    i.vPortFree         heap_4.o
    0x08006850   0x08006850   0x00000020   Code   RO         4091    i.vPortSetupTimerInterrupt  port.o
    0x08006870   0x08006870   0x000000a0   Code   RO         4092    i.vPortValidateInterruptPriority  port.o
    0x08006910   0x08006910   0x0000002c   Code   RO         3351    i.vQueueAddToRegistry  queue.o
    0x0800693c   0x0800693c   0x0000004a   Code   RO         3355    i.vQueueWaitForMessageRestricted  queue.o
    0x08006986   0x08006986   0x00000002   PAD
    0x08006988   0x08006988   0x00000074   Code   RO         3599    i.vTaskDelay        tasks.o
    0x080069fc   0x080069fc   0x000000dc   Code   RO         3600    i.vTaskDelayUntil   tasks.o
    0x08006ad8   0x08006ad8   0x0000000c   Code   RO         3605    i.vTaskMissedYield  tasks.o
    0x08006ae4   0x08006ae4   0x00000054   Code   RO         3607    i.vTaskPlaceOnEventList  tasks.o
    0x08006b38   0x08006b38   0x0000005c   Code   RO         3608    i.vTaskPlaceOnEventListRestricted  tasks.o
    0x08006b94   0x08006b94   0x000000b0   Code   RO         3610    i.vTaskPriorityInherit  tasks.o
    0x08006c44   0x08006c44   0x0000004c   Code   RO         3614    i.vTaskSetTimeOutState  tasks.o
    0x08006c90   0x08006c90   0x000000ac   Code   RO         3615    i.vTaskStartScheduler  tasks.o
    0x08006d3c   0x08006d3c   0x00000010   Code   RO         3617    i.vTaskSuspendAll   tasks.o
    0x08006d4c   0x08006d4c   0x000000a8   Code   RO         3618    i.vTaskSwitchContext  tasks.o
    0x08006df4   0x08006df4   0x0000015c   Code   RO         4093    i.xPortStartScheduler  port.o
    0x08006f50   0x08006f50   0x00000034   Code   RO         4094    i.xPortSysTickHandler  port.o
    0x08006f84   0x08006f84   0x00000074   Code   RO         3360    i.xQueueGenericCreate  queue.o
    0x08006ff8   0x08006ff8   0x000001c8   Code   RO         3361    i.xQueueGenericReceive  queue.o
    0x080071c0   0x080071c0   0x000000b0   Code   RO         3362    i.xQueueGenericReset  queue.o
    0x08007270   0x08007270   0x000001c4   Code   RO         3363    i.xQueueGenericSend  queue.o
    0x08007434   0x08007434   0x00000110   Code   RO         3364    i.xQueueGenericSendFromISR  queue.o
    0x08007544   0x08007544   0x000000fc   Code   RO         3365    i.xQueueGiveFromISR  queue.o
    0x08007640   0x08007640   0x000000a0   Code   RO         3619    i.xTaskCheckForTimeOut  tasks.o
    0x080076e0   0x080076e0   0x00000060   Code   RO         3620    i.xTaskCreate       tasks.o
    0x08007740   0x08007740   0x00000020   Code   RO         3624    i.xTaskGetSchedulerState  tasks.o
    0x08007760   0x08007760   0x0000000c   Code   RO         3625    i.xTaskGetTickCount  tasks.o
    0x0800776c   0x0800776c   0x00000160   Code   RO         3627    i.xTaskIncrementTick  tasks.o
    0x080078cc   0x080078cc   0x000000d8   Code   RO         3630    i.xTaskPriorityDisinherit  tasks.o
    0x080079a4   0x080079a4   0x000000b4   Code   RO         3631    i.xTaskRemoveFromEventList  tasks.o
    0x08007a58   0x08007a58   0x00000120   Code   RO         3633    i.xTaskResumeAll    tasks.o
    0x08007b78   0x08007b78   0x00000074   Code   RO         3960    i.xTimerCreateTimerTask  timers.o
    0x08007bec   0x08007bec   0x000000a4   Code   RO         3961    i.xTimerGenericCommand  timers.o
    0x08007c90   0x08007c90   0x00000062   Code   RO         4282    x$fpl$d2f           fz_wm.l(d2f.o)
    0x08007cf2   0x08007cf2   0x00000002   PAD
    0x08007cf4   0x08007cf4   0x00000150   Code   RO         4284    x$fpl$dadd          fz_wm.l(daddsub_clz.o)
    0x08007e44   0x08007e44   0x0000002e   Code   RO         4291    x$fpl$dflt          fz_wm.l(dflt_clz.o)
    0x08007e72   0x08007e72   0x0000009c   Code   RO         4314    x$fpl$dnaninf       fz_wm.l(dnaninf.o)
    0x08007f0e   0x08007f0e   0x0000000c   Code   RO         4316    x$fpl$dretinf       fz_wm.l(dretinf.o)
    0x08007f1a   0x08007f1a   0x00000002   PAD
    0x08007f1c   0x08007f1c   0x000001d4   Code   RO         4286    x$fpl$dsub          fz_wm.l(daddsub_clz.o)
    0x080080f0   0x080080f0   0x0000000a   Code   RO         4411    x$fpl$fpinit        fz_wm.l(fpinit.o)
    0x080080fa   0x080080fa   0x0000000a   Code   RO         4318    x$fpl$fretinf       fz_wm.l(fretinf.o)
    0x08008104   0x08008104   0x00000000   Code   RO         4320    x$fpl$usenofp       fz_wm.l(usenofp.o)
    0x08008104   0x08008104   0x00000020   Data   RO         4475    Region$$Table       anon$$obj.o


    Execution Region RW_IRAM1 (Exec base: 0x20000000, Load base: 0x08008124, Size: 0x00006e30, Max: 0x00030000, ABSOLUTE, COMPRESSED[0x0000024c])

    Exec Addr    Load Addr    Size         Type   Attr      Idx    E Section Name        Object

    0x20000000   COMPRESSED   0x00000014   Data   RW          299    .data               system_stm32f4xx.o
    0x20000014   COMPRESSED   0x00000004   Data   RW          461    .data               uart.o
    0x20000018   COMPRESSED   0x00000028   Data   RW          528    .data               stm32f4xx_it.o
    0x20000040   COMPRESSED   0x00000010   Data   RW          593    .data               remote.o
    0x20000050   COMPRESSED   0x00000002   Data   RW          661    .data               hi219m.o
    0x20000052   COMPRESSED   0x00000016   Data   RW          698    .data               imu_data_decode.o
    0x20000068   COMPRESSED   0x00000011   Data   RW          761    .data               packet.o
    0x20000079   COMPRESSED   0x00000003   PAD
    0x2000007c   COMPRESSED   0x000004a0   Data   RW          878    .data               m3508.o
    0x2000051c   COMPRESSED   0x00000048   Data   RW          960    .data               user_task.o
    0x20000564   COMPRESSED   0x00000090   Data   RW         1013    .data               base_point.o
    0x200005f4   COMPRESSED   0x0000053c   Data   RW         1071    .data               cal_status.o
    0x20000b30   COMPRESSED   0x00000004   Data   RW         1108    .data               make_keep_high.o
    0x20000b34   COMPRESSED   0x00000008   Data   RW         1135    .data               make_the_blance.o
    0x20000b3c   COMPRESSED   0x00000740   Data   RW         1160    .data               pid_states.o
    0x2000127c   COMPRESSED   0x00000008   Data   RW         1181    .data               remoto_control.o
    0x20001284   COMPRESSED   0x00000010   Data   RW         2063    .data               stm32f4xx_rcc.o
    0x20001294   COMPRESSED   0x0000003c   Data   RW         3636    .data               tasks.o
    0x200012d0   COMPRESSED   0x00000014   Data   RW         3969    .data               timers.o
    0x200012e4   COMPRESSED   0x0000000c   Data   RW         4095    .data               port.o
    0x200012f0   COMPRESSED   0x00000018   Data   RW         4178    .data               heap_4.o
    0x20001308        -       0x0000004c   Zero   RW          527    .bss                stm32f4xx_it.o
    0x20001354        -       0x000000da   Zero   RW          592    .bss                remote.o
    0x2000142e   COMPRESSED   0x00000002   PAD
    0x20001430        -       0x000000c8   Zero   RW          660    .bss                hi219m.o
    0x200014f8        -       0x000000a8   Zero   RW          697    .bss                imu_data_decode.o
    0x200015a0        -       0x00000060   Zero   RW          877    .bss                m3508.o
    0x20001600        -       0x00000020   Zero   RW         1012    .bss                base_point.o
    0x20001620        -       0x00000020   Zero   RW         1107    .bss                make_keep_high.o
    0x20001640        -       0x00000040   Zero   RW         1134    .bss                make_the_blance.o
    0x20001680        -       0x00000040   Zero   RW         3375    .bss                queue.o
    0x200016c0        -       0x000002e4   Zero   RW         3635    .bss                tasks.o
    0x200019a4        -       0x00000028   Zero   RW         3968    .bss                timers.o
    0x200019cc        -       0x00005000   Zero   RW         4177    .bss                heap_4.o
    0x200069cc        -       0x00000060   Zero   RW         4353    .bss                c_w.l(libspace.o)
    0x20006a2c   COMPRESSED   0x00000004   PAD
    0x20006a30        -       0x00000000   Zero   RW         3149    HEAP                startup_stm32f427xx.o
    0x20006a30        -       0x00000400   Zero   RW         3148    STACK               startup_stm32f427xx.o


==============================================================================

Image component sizes


      Code (inc. data)   RO Data    RW Data    ZI Data      Debug   Object Name

      1496        236          0        144         32       4891   base_point.o
      4252        380          0       1340          0       4120   cal_status.o
       320         10          0          0          0        811   can.o
        16          0          0          0          0        530   delay.o
       224         24          0          0          0        699   dma.o
         0          0          0          0          0      11892   event_groups.o
       580         26          0          0          0     246446   gpio.o
       752        176          0         24      20480       4147   heap_4.o
       264         16          0          2        200       2518   hi219m.o
       440         48          0         22        168       3290   imu_data_decode.o
       148          0          0          0          0       3390   list.o
      2206        130          0       1184         96       9169   m3508.o
       288        104          0          0          0      84058   main.o
       228         10          0          4         32       1414   make_keep_high.o
       456         38          0          8         64       1479   make_the_blance.o
       140         24          0          0          0       1615   misc.o
       216          0          0          0          0        680   nvic.o
       512         40          0         17          0       3184   packet.o
       284          6          0          0          0       4513   pid.o
         0          0          0       1856          0       1457   pid_states.o
      1182        396          0         12          0      11225   port.o
      2416        274          0          0         64      15077   queue.o
       808         28          0         16        218       7531   remote.o
       148         24          0          8          0        947   remoto_control.o
        76         28        428          0       1024        888   startup_stm32f427xx.o
      1870         48          0          0          0       9265   stm32f4xx_can.o
       638         40          0          0          0       8172   stm32f4xx_dma.o
       232          0          0          0          0       2515   stm32f4xx_gpio.o
       864        124          0         40         76       5191   stm32f4xx_it.o
       392         48          0         16          0       5989   stm32f4xx_rcc.o
       878         66          0          0          0      10391   stm32f4xx_tim.o
       734         42          0          0          0       7627   stm32f4xx_usart.o
       392         32          0         20          0       1893   system_stm32f4xx.o
      3358        852          0         60        740      30715   tasks.o
       592         12          0          0          0        919   timer.o
      1310        312          0         20         40       9231   timers.o
       300         20          0          4          0       3559   uart.o
      1004        122          0         72          0       4341   user_task.o

    ----------------------------------------------------------------------
     30052       3736        460       4872      23236     525779   Object Totals
         0          0         32          0          0          0   (incl. Generated)
        36          0          0          3          2          0   (incl. Padding)

    ----------------------------------------------------------------------

      Code (inc. data)   RO Data    RW Data    ZI Data      Debug   Library Member Name

       100          0          0          0          0          0   __dclz77c.o
         8          0          0          0          0         68   __main.o
       104          0          0          0          0         84   __printf.o
         0          0          0          0          0          0   __rtentry.o
        12          0          0          0          0          0   __rtentry2.o
         6          0          0          0          0          0   __rtentry4.o
        52          8          0          0          0          0   __scatter.o
        28          0          0          0          0          0   __scatter_zi.o
        44          0          0          0          0        108   _printf_char.o
        48          6          0          0          0         96   _printf_char_common.o
        36          4          0          0          0         80   _printf_char_file.o
         6          0          0          0          0          0   _printf_d.o
       120         16          0          0          0         92   _printf_dec.o
       178          0          0          0          0         88   _printf_intcommon.o
         0          0          0          0          0          0   _printf_percent.o
         4          0          0          0          0          0   _printf_percent_end.o
         6          0          0          0          0          0   _printf_s.o
        82          0          0          0          0         80   _printf_str.o
        16          0          0          0          0         68   aeabi_memset.o
        18          0          0          0          0         80   exit.o
         8          0          0          0          0         68   ferror.o
         6          0          0          0          0        152   heapauxi.o
         2          0          0          0          0          0   libinit.o
         6          0          0          0          0          0   libinit2.o
         2          0          0          0          0          0   libshutdown.o
         2          0          0          0          0          0   libshutdown2.o
         8          4          0          0         96         68   libspace.o
        24          4          0          0          0         84   noretval__2printf.o
        68          0          0          0          0         68   rt_memclr.o
        78          0          0          0          0         80   rt_memclr_w.o
       138          0          0          0          0         68   rt_memcpy_v6.o
       100          0          0          0          0         80   rt_memcpy_w.o
         2          0          0          0          0          0   rtexit.o
        10          0          0          0          0          0   rtexit2.o
        74          0          0          0          0         80   sys_stackheap_outer.o
         2          0          0          0          0         68   use_no_semi.o
         2          0          0          0          0         68   use_no_semi_2.o
        98          4          0          0          0        140   d2f.o
       804         16          0          0          0        368   daddsub_clz.o
        46          0          0          0          0        116   dflt_clz.o
       156          4          0          0          0        140   dnaninf.o
        12          0          0          0          0        116   dretinf.o
        10          0          0          0          0        116   fpinit.o
        10          0          0          0          0        116   fretinf.o
         0          0          0          0          0          0   usenofp.o

    ----------------------------------------------------------------------
      2548         66          0          0        100       2840   Library Totals
        12          0          0          0          4          0   (incl. Padding)

    ----------------------------------------------------------------------

      Code (inc. data)   RO Data    RW Data    ZI Data      Debug   Library Name

      1400         42          0          0         96       1728   c_w.l
      1136         24          0          0          0       1112   fz_wm.l

    ----------------------------------------------------------------------
      2548         66          0          0        100       2840   Library Totals

    ----------------------------------------------------------------------

==============================================================================


      Code (inc. data)   RO Data    RW Data    ZI Data      Debug   

     32600       3802        460       4872      23336     508135   Grand Totals
     32600       3802        460        588      23336     508135   ELF Image Totals (compressed)
     32600       3802        460        588          0          0   ROM Totals

==============================================================================

    Total RO  Size (Code + RO Data)                33060 (  32.29kB)
    Total RW  Size (RW Data + ZI Data)             28208 (  27.55kB)
    Total ROM Size (Code + RO Data + RW Data)      33648 (  32.86kB)

==============================================================================

